
> temp-primedesk@0.1.0 build
> next build

npm : ÔÜá Warning: 
Next.js inferred your 
workspace root, but it 
may not be correct.
At line:1 char:1
+ npm run build > 
build_output.log 2>&1
+ ~~~~~~~~~~~~~~~~~~~~~
~~~~~~~~~~~~~~~~
    + CategoryInfo     
         : NotSpecifi  
  ed: (ÔÜá Warning:    
 Ne...not be correc    
t.:String) [], Rem    
oteException
    + FullyQualifiedEr 
   rorId : NativeComm  
  andError
 
 We detected multiple 
lockfiles and selected 
the directory of C:\Use
rs\priya\OneDrive\Deskt
op\package-lock.json 
as the root directory.
 To silence this 
warning, set 
`turbopack.root` in 
your Next.js config, 
or consider removing 
one of the lockfiles 
if it's not needed.
   See https://nextjs.o
rg/docs/app/api-referen
ce/config/next-config-j
s/turbopack#root-direct
ory for more 
information.
 Detected additional 
lockfiles: 
   * C:\Users\priya\One
Drive\Desktop\PrimeDesk
\package-lock.json

Ôû▓ Next.js 16.1.6 (Turbopack)
- Experiments (use with caution):
  Ô£ô optimizeCss

  Creating an optimized production build ...
Turbopack build 
encountered 1 warnings:
./PrimeDesk/src/app/api
/contact/route.js:74:30
Module not found: 
Can't resolve 
'nodemailer'
[0m [90m 72 |[39m   
[90m// Install: npm 
install nodemailer[39m
 [90m 73 |[39m   
[36mtry[39m {
[31m[1m>[22m[39m[9
0m 74 |[39m     
[36mconst[39m 
nodemailer [33m=[39m 
[36mawait[39m [36mim
port[39m([32m'nodemai
ler'[39m)[33m;[39m
 [90m    |[39m       
                       
[31m[1m^[22m[39m[3
1m[1m^[22m[39m[31m
[1m^[22m[39m[31m[1m
^[22m[39m[31m[1m^[
22m[39m[31m[1m^[22m
[39m[31m[1m^[22m[3
9m[31m[1m^[22m[39m
[31m[1m^[22m[39m[31
m[1m^[22m[39m[31m[
1m^[22m[39m[31m[1m^
[22m[39m[31m[1m^[2
2m[39m[31m[1m^[22m
[39m[31m[1m^[22m[39
m[31m[1m^[22m[39m[
31m[1m^[22m[39m[31m
[1m^[22m[39m[31m[1
m^[22m[39m[31m[1m^
[22m[39m
 [90m 75 |[39m     
[36mconst[39m 
transporter 
[33m=[39m nodemailer
[33m.[39mcreateTranspo
rt({
 [90m 76 |[39m       
host[33m:[39m 
smtpHost[33m,[39m
 [90m 77 |[39m       
port[33m:[39m parseIn
t(process[33m.[39menv
[33m.[39m[33mSMTP_PO
RT[39m [33m||[39m [
32m'587'[39m)[33m,[3
9m[0m



https://nextjs.org/docs
/messages/module-not-fo
und



> Build error occurred
Error: Turbopack build 
failed with 49 errors:
./PrimeDesk/src/app/abo
ut-us/page.js:3:1
Module not found: 
Can't resolve '@/compon
ents/CTABanner'
[0m [90m 1 |[39m 
[36mimport[39m 
[33mHeroSection[39m 
[36mfrom[39m [32m'@/
components/HeroSection'
[39m[33m;[39m
 [90m 2 |[39m 
[36mimport[39m 
[33mStatsCounter[39m 
[36mfrom[39m [32m'@/
components/StatsCounter
'[39m[33m;[39m
[31m[1m>[22m[39m[9
0m 3 |[39m 
[36mimport[39m 
[33mCTABanner[39m 
[36mfrom[39m [32m'@/
components/CTABanner'[
39m[33m;[39m
 [90m   |[39m [31m[
1m^[22m[39m[31m[1m^
[22m[39m[31m[1m^[2
2m[39m[31m[1m^[22m
[39m[31m[1m^[22m[39
m[31m[1m^[22m[39m[
31m[1m^[22m[39m[31m
[1m^[22m[39m[31m[1
m^[22m[39m[31m[1m^
[22m[39m[31m[1m^[22
m[39m[31m[1m^[22m[
39m[31m[1m^[22m[39m
[31m[1m^[22m[39m[3
1m[1m^[22m[39m[31m
[1m^[22m[39m[31m[1m
^[22m[39m[31m[1m^[
22m[39m[31m[1m^[22m
[39m[31m[1m^[22m[3
9m[31m[1m^[22m[39m
[31m[1m^[22m[39m[31
m[1m^[22m[39m[31m[
1m^[22m[39m[31m[1m^
[22m[39m[31m[1m^[2
2m[39m[31m[1m^[22m
[39m[31m[1m^[22m[39
m[31m[1m^[22m[39m[
31m[1m^[22m[39m[31m
[1m^[22m[39m[31m[1
m^[22m[39m[31m[1m^
[22m[39m[31m[1m^[22
m[39m[31m[1m^[22m[
39m[31m[1m^[22m[39m
[31m[1m^[22m[39m[3
1m[1m^[22m[39m[31m
[1m^[22m[39m[31m[1m
^[22m[39m[31m[1m^[
22m[39m[31m[1m^[22m
[39m[31m[1m^[22m[3
9m[31m[1m^[22m[39m
[31m[1m^[22m[39m[31
m[1m^[22m[39m[31m[
1m^[22m[39m
 [90m 4 |[39m 
[36mimport[39m { [33
mCOMPANY[39m[33m,[39
m [33mTEAM[39m[33m,
[39m 
[33mFEATURES[39m } 
[36mfrom[39m [32m'@/
lib/data'[39m[33m;[3
9m
 [90m 5 |[39m 
[36mimport[39m { 
getIcon } 
[36mfrom[39m [32m'@/
lib/icons'[39m[33m;[
39m
 [90m 6 |[39m 
[36mimport[39m 
styles [36mfrom[39m 
[32m'./page.module.css'
[39m[33m;[39m[0m



https://nextjs.org/docs
/messages/module-not-fo
und


./PrimeDesk/src/app/gal
lery/page.js:5:1
Module not found: 
Can't resolve '@/compon
ents/CTABanner'
[0m [90m 3 |[39m 
[36mimport[39m { 
useState } 
[36mfrom[39m [32m're
act'[39m[33m;[39m
 [90m 4 |[39m 
[36mimport[39m 
[33mHeroSection[39m 
[36mfrom[39m [32m'@/
components/HeroSection'
[39m[33m;[39m
[31m[1m>[22m[39m[9
0m 5 |[39m 
[36mimport[39m 
[33mCTABanner[39m 
[36mfrom[39m [32m'@/
components/CTABanner'[
39m[33m;[39m
 [90m   |[39m [31m[
1m^[22m[39m[31m[1m^
[22m[39m[31m[1m^[2
2m[39m[31m[1m^[22m
[39m[31m[1m^[22m[39
m[31m[1m^[22m[39m[
31m[1m^[22m[39m[31m
[1m^[22m[39m[31m[1
m^[22m[39m[31m[1m^
[22m[39m[31m[1m^[22
m[39m[31m[1m^[22m[
39m[31m[1m^[22m[39m
[31m[1m^[22m[39m[3
1m[1m^[22m[39m[31m
[1m^[22m[39m[31m[1m
^[22m[39m[31m[1m^[
22m[39m[31m[1m^[22m
[39m[31m[1m^[22m[3
9m[31m[1m^[22m[39m
[31m[1m^[22m[39m[31
m[1m^[22m[39m[31m[
1m^[22m[39m[31m[1m^
[22m[39m[31m[1m^[2
2m[39m[31m[1m^[22m
[39m[31m[1m^[22m[39
m[31m[1m^[22m[39m[
31m[1m^[22m[39m[31m
[1m^[22m[39m[31m[1
m^[22m[39m[31m[1m^
[22m[39m[31m[1m^[22
m[39m[31m[1m^[22m[
39m[31m[1m^[22m[39m
[31m[1m^[22m[39m[3
1m[1m^[22m[39m[31m
[1m^[22m[39m[31m[1m
^[22m[39m[31m[1m^[
22m[39m[31m[1m^[22m
[39m[31m[1m^[22m[3
9m[31m[1m^[22m[39m
[31m[1m^[22m[39m[31
m[1m^[22m[39m[31m[
1m^[22m[39m
 [90m 6 |[39m 
[36mimport[39m 
styles [36mfrom[39m 
[32m'./page.module.css'
[39m[33m;[39m
 [90m 7 |[39m
 [90m 8 |[39m 
[36mconst[39m 
galleryImages 
[33m=[39m [33mArray
[39m[33m.[39m[36mfro
m[39m({ 
length[33m:[39m 
[35m12[39m 
}[33m,[39m 
(_[33m,[39m i) 
[33m=>[39m ({[0m



Import traces:
  Client Component 
Browser:
    ./PrimeDesk/src/app
/gallery/page.js 
[Client Component 
Browser]
    ./PrimeDesk/src/app
/gallery/page.js 
[Server Component]

  Client Component SSR:
    ./PrimeDesk/src/app
/gallery/page.js 
[Client Component SSR]
    ./PrimeDesk/src/app
/gallery/page.js 
[Server Component]

https://nextjs.org/docs
/messages/module-not-fo
und


./PrimeDesk/src/app/loc
ations/page.js:2:1
Module not found: 
Can't resolve '@/compon
ents/CTABanner'
[0m [90m 1 |[39m 
[36mimport[39m 
[33mHeroSection[39m 
[36mfrom[39m [32m'@/
components/HeroSection'
[39m[33m;[39m
[31m[1m>[22m[39m[9
0m 2 |[39m 
[36mimport[39m 
[33mCTABanner[39m 
[36mfrom[39m [32m'@/
components/CTABanner'[
39m[33m;[39m
 [90m   |[39m [31m[
1m^[22m[39m[31m[1m^
[22m[39m[31m[1m^[2
2m[39m[31m[1m^[22m
[39m[31m[1m^[22m[39
m[31m[1m^[22m[39m[
31m[1m^[22m[39m[31m
[1m^[22m[39m[31m[1
m^[22m[39m[31m[1m^
[22m[39m[31m[1m^[22
m[39m[31m[1m^[22m[
39m[31m[1m^[22m[39m
[31m[1m^[22m[39m[3
1m[1m^[22m[39m[31m
[1m^[22m[39m[31m[1m
^[22m[39m[31m[1m^[
22m[39m[31m[1m^[22m
[39m[31m[1m^[22m[3
9m[31m[1m^[22m[39m
[31m[1m^[22m[39m[31
m[1m^[22m[39m[31m[
1m^[22m[39m[31m[1m^
[22m[39m[31m[1m^[2
2m[39m[31m[1m^[22m
[39m[31m[1m^[22m[39
m[31m[1m^[22m[39m[
31m[1m^[22m[39m[31m
[1m^[22m[39m[31m[1
m^[22m[39m[31m[1m^
[22m[39m[31m[1m^[22
m[39m[31m[1m^[22m[
39m[31m[1m^[22m[39m
[31m[1m^[22m[39m[3
1m[1m^[22m[39m[31m
[1m^[22m[39m[31m[1m
^[22m[39m[31m[1m^[
22m[39m[31m[1m^[22m
[39m[31m[1m^[22m[3
9m[31m[1m^[22m[39m
[31m[1m^[22m[39m[31
m[1m^[22m[39m[31m[
1m^[22m[39m
 [90m 3 |[39m 
[36mimport[39m { 
[33mLOCATIONS[39m } 
[36mfrom[39m [32m'@/
lib/data'[39m[33m;[3
9m
 [90m 4 |[39m 
[36mimport[39m { 
[33mMapPin[39m } 
[36mfrom[39m [32m'lu
cide-react'[39m[33m;
[39m
 [90m 5 |[39m 
[36mimport[39m 
styles [36mfrom[39m 
[32m'./page.module.css'
[39m[33m;[39m[0m



https://nextjs.org/docs
/messages/module-not-fo
und


./PrimeDesk/src/app/our
-services/page.js:3:1
Module not found: 
Can't resolve '@/compon
ents/CTABanner'
[0m [90m 1 |[39m 
[36mimport[39m 
[33mHeroSection[39m 
[36mfrom[39m [32m'@/
components/HeroSection'
[39m[33m;[39m
 [90m 2 |[39m 
[36mimport[39m 
[33mServiceCard[39m 
[36mfrom[39m [32m'@/
components/ServiceCard'
[39m[33m;[39m
[31m[1m>[22m[39m[9
0m 3 |[39m 
[36mimport[39m 
[33mCTABanner[39m 
[36mfrom[39m [32m'@/
components/CTABanner'[
39m[33m;[39m
 [90m   |[39m [31m[
1m^[22m[39m[31m[1m^
[22m[39m[31m[1m^[2
2m[39m[31m[1m^[22m
[39m[31m[1m^[22m[39
m[31m[1m^[22m[39m[
31m[1m^[22m[39m[31m
[1m^[22m[39m[31m[1
m^[22m[39m[31m[1m^
[22m[39m[31m[1m^[22
m[39m[31m[1m^[22m[
39m[31m[1m^[22m[39m
[31m[1m^[22m[39m[3
1m[1m^[22m[39m[31m
[1m^[22m[39m[31m[1m
^[22m[39m[31m[1m^[
22m[39m[31m[1m^[22m
[39m[31m[1m^[22m[3
9m[31m[1m^[22m[39m
[31m[1m^[22m[39m[31
m[1m^[22m[39m[31m[
1m^[22m[39m[31m[1m^
[22m[39m[31m[1m^[2
2m[39m[31m[1m^[22m
[39m[31m[1m^[22m[39
m[31m[1m^[22m[39m[
31m[1m^[22m[39m[31m
[1m^[22m[39m[31m[1
m^[22m[39m[31m[1m^
[22m[39m[31m[1m^[22
m[39m[31m[1m^[22m[
39m[31m[1m^[22m[39m
[31m[1m^[22m[39m[3
1m[1m^[22m[39m[31m
[1m^[22m[39m[31m[1m
^[22m[39m[31m[1m^[
22m[39m[31m[1m^[22m
[39m[31m[1m^[22m[3
9m[31m[1m^[22m[39m
[31m[1m^[22m[39m[31
m[1m^[22m[39m[31m[
1m^[22m[39m
 [90m 4 |[39m 
[36mimport[39m { [33
mPRIMARY_SERVICES[39m
[33m,[39m [33mADDITIO
NAL_SERVICES[39m } 
[36mfrom[39m [32m'@/
lib/data'[39m[33m;[3
9m
 [90m 5 |[39m
 [90m 6 |[39m 
[36mexport[39m 
[36mconst[39m 
metadata [33m=[39m 
{[0m



https://nextjs.org/docs
/messages/module-not-fo
und


./PrimeDesk/src/app/pag
e.js:12:30
Module not found: 
Can't resolve '@/compon
ents/CTABanner'
[0m [90m 10 |[39m 
[36mconst[39m 
[33mStatsCounter[39m 
[33m=[39m lazy(() 
[33m=>[39m [36mimpor
t[39m([32m'@/componen
ts/StatsCounter'[39m))
[33m;[39m
 [90m 11 |[39m 
[36mconst[39m [33mTe
stimonialSlider[39m 
[33m=[39m lazy(() 
[33m=>[39m [36mimpor
t[39m([32m'@/componen
ts/TestimonialSlider'[
39m))[33m;[39m
[31m[1m>[22m[39m[9
0m 12 |[39m 
[36mconst[39m 
[33mCTABanner[39m 
[33m=[39m lazy(() 
[33m=>[39m [36mimpor
t[39m([32m'@/componen
ts/CTABanner'[39m))[3
3m;[39m
 [90m    |[39m       
                       
[31m[1m^[22m[39m[3
1m[1m^[22m[39m[31m
[1m^[22m[39m[31m[1m
^[22m[39m[31m[1m^[
22m[39m[31m[1m^[22m
[39m[31m[1m^[22m[3
9m[31m[1m^[22m[39m
[31m[1m^[22m[39m[31
m[1m^[22m[39m[31m[
1m^[22m[39m[31m[1m^
[22m[39m[31m[1m^[2
2m[39m[31m[1m^[22m
[39m[31m[1m^[22m[39
m[31m[1m^[22m[39m[
31m[1m^[22m[39m[31m
[1m^[22m[39m[31m[1
m^[22m[39m[31m[1m^
[22m[39m[31m[1m^[22
m[39m[31m[1m^[22m[
39m[31m[1m^[22m[39m
[31m[1m^[22m[39m[3
1m[1m^[22m[39m[31m
[1m^[22m[39m[31m[1m
^[22m[39m[31m[1m^[
22m[39m[31m[1m^[22m
[39m[31m[1m^[22m[3
9m[31m[1m^[22m[39m
[31m[1m^[22m[39m
 [90m 13 |[39m 
[36mconst[39m [33mEx
itIntentPopup[39m 
[33m=[39m lazy(() 
[33m=>[39m [36mimpor
t[39m([32m'@/componen
ts/ExitIntentPopup'[39
m))[33m;[39m
 [90m 14 |[39m
 [90m 15 |[39m 
[36mexport[39m 
[36mconst[39m 
metadata [33m=[39m 
{[0m



https://nextjs.org/docs
/messages/module-not-fo
und


./PrimeDesk/src/app/pag
e.js:13:36
Module not found: 
Can't resolve '@/compon
ents/ExitIntentPopup'
[0m [90m 11 |[39m 
[36mconst[39m [33mTe
stimonialSlider[39m 
[33m=[39m lazy(() 
[33m=>[39m [36mimpor
t[39m([32m'@/componen
ts/TestimonialSlider'[
39m))[33m;[39m
 [90m 12 |[39m 
[36mconst[39m 
[33mCTABanner[39m 
[33m=[39m lazy(() 
[33m=>[39m [36mimpor
t[39m([32m'@/componen
ts/CTABanner'[39m))[3
3m;[39m
[31m[1m>[22m[39m[9
0m 13 |[39m 
[36mconst[39m [33mEx
itIntentPopup[39m 
[33m=[39m lazy(() 
[33m=>[39m [36mimpor
t[39m([32m'@/componen
ts/ExitIntentPopup'[39
m))[33m;[39m
 [90m    |[39m       
                       
      [31m[1m^[22m[
39m[31m[1m^[22m[39m
[31m[1m^[22m[39m[3
1m[1m^[22m[39m[31m
[1m^[22m[39m[31m[1m
^[22m[39m[31m[1m^[
22m[39m[31m[1m^[22m
[39m[31m[1m^[22m[3
9m[31m[1m^[22m[39m
[31m[1m^[22m[39m[31
m[1m^[22m[39m[31m[
1m^[22m[39m[31m[1m^
[22m[39m[31m[1m^[2
2m[39m[31m[1m^[22m
[39m[31m[1m^[22m[39
m[31m[1m^[22m[39m[
31m[1m^[22m[39m[31m
[1m^[22m[39m[31m[1
m^[22m[39m[31m[1m^
[22m[39m[31m[1m^[22
m[39m[31m[1m^[22m[
39m[31m[1m^[22m[39m
[31m[1m^[22m[39m[3
1m[1m^[22m[39m[31m
[1m^[22m[39m[31m[1m
^[22m[39m[31m[1m^[
22m[39m[31m[1m^[22m
[39m[31m[1m^[22m[3
9m[31m[1m^[22m[39m
[31m[1m^[22m[39m[31
m[1m^[22m[39m[31m[
1m^[22m[39m[31m[1m^
[22m[39m[31m[1m^[2
2m[39m
 [90m 14 |[39m
 [90m 15 |[39m 
[36mexport[39m 
[36mconst[39m 
metadata [33m=[39m {
 [90m 16 |[39m   
title[33m:[39m 
[32m'Managed Office & 
Coworking Spaces in 
Hyderabad - PrimeDesk'
[39m[33m,[39m[0m



https://nextjs.org/docs
/messages/module-not-fo
und


./PrimeDesk/src/app/abo
ut-us/page.js:1:1
Module not found: 
Can't resolve '@/compon
ents/HeroSection'
[0m[31m[1m>[22m[39
m[90m 1 |[39m 
[36mimport[39m 
[33mHeroSection[39m 
[36mfrom[39m [32m'@/
components/HeroSection'
[39m[33m;[39m
 [90m   |[39m [31m[
1m^[22m[39m[31m[1m^
[22m[39m[31m[1m^[2
2m[39m[31m[1m^[22m
[39m[31m[1m^[22m[39
m[31m[1m^[22m[39m[
31m[1m^[22m[39m[31m
[1m^[22m[39m[31m[1
m^[22m[39m[31m[1m^
[22m[39m[31m[1m^[22
m[39m[31m[1m^[22m[
39m[31m[1m^[22m[39m
[31m[1m^[22m[39m[3
1m[1m^[22m[39m[31m
[1m^[22m[39m[31m[1m
^[22m[39m[31m[1m^[
22m[39m[31m[1m^[22m
[39m[31m[1m^[22m[3
9m[31m[1m^[22m[39m
[31m[1m^[22m[39m[31
m[1m^[22m[39m[31m[
1m^[22m[39m[31m[1m^
[22m[39m[31m[1m^[2
2m[39m[31m[1m^[22m
[39m[31m[1m^[22m[39
m[31m[1m^[22m[39m[
31m[1m^[22m[39m[31m
[1m^[22m[39m[31m[1
m^[22m[39m[31m[1m^
[22m[39m[31m[1m^[22
m[39m[31m[1m^[22m[
39m[31m[1m^[22m[39m
[31m[1m^[22m[39m[3
1m[1m^[22m[39m[31m
[1m^[22m[39m[31m[1m
^[22m[39m[31m[1m^[
22m[39m[31m[1m^[22m
[39m[31m[1m^[22m[3
9m[31m[1m^[22m[39m
[31m[1m^[22m[39m[31
m[1m^[22m[39m[31m[
1m^[22m[39m[31m[1m^
[22m[39m[31m[1m^[2
2m[39m[31m[1m^[22m
[39m[31m[1m^[22m[39
m
 [90m 2 |[39m 
[36mimport[39m 
[33mStatsCounter[39m 
[36mfrom[39m [32m'@/
components/StatsCounter
'[39m[33m;[39m
 [90m 3 |[39m 
[36mimport[39m 
[33mCTABanner[39m 
[36mfrom[39m [32m'@/
components/CTABanner'[
39m[33m;[39m
 [90m 4 |[39m 
[36mimport[39m { [33
mCOMPANY[39m[33m,[39
m [33mTEAM[39m[33m,
[39m 
[33mFEATURES[39m } 
[36mfrom[39m [32m'@/
lib/data'[39m[33m;[3
9m[0m



https://nextjs.org/docs
/messages/module-not-fo
und


./PrimeDesk/src/app/con
tact-us/page.js:1:1
Module not found: 
Can't resolve '@/compon
ents/HeroSection'
[0m[31m[1m>[22m[39
m[90m 1 |[39m 
[36mimport[39m 
[33mHeroSection[39m 
[36mfrom[39m [32m'@/
components/HeroSection'
[39m[33m;[39m
 [90m   |[39m [31m[
1m^[22m[39m[31m[1m^
[22m[39m[31m[1m^[2
2m[39m[31m[1m^[22m
[39m[31m[1m^[22m[39
m[31m[1m^[22m[39m[
31m[1m^[22m[39m[31m
[1m^[22m[39m[31m[1
m^[22m[39m[31m[1m^
[22m[39m[31m[1m^[22
m[39m[31m[1m^[22m[
39m[31m[1m^[22m[39m
[31m[1m^[22m[39m[3
1m[1m^[22m[39m[31m
[1m^[22m[39m[31m[1m
^[22m[39m[31m[1m^[
22m[39m[31m[1m^[22m
[39m[31m[1m^[22m[3
9m[31m[1m^[22m[39m
[31m[1m^[22m[39m[31
m[1m^[22m[39m[31m[
1m^[22m[39m[31m[1m^
[22m[39m[31m[1m^[2
2m[39m[31m[1m^[22m
[39m[31m[1m^[22m[39
m[31m[1m^[22m[39m[
31m[1m^[22m[39m[31m
[1m^[22m[39m[31m[1
m^[22m[39m[31m[1m^
[22m[39m[31m[1m^[22
m[39m[31m[1m^[22m[
39m[31m[1m^[22m[39m
[31m[1m^[22m[39m[3
1m[1m^[22m[39m[31m
[1m^[22m[39m[31m[1m
^[22m[39m[31m[1m^[
22m[39m[31m[1m^[22m
[39m[31m[1m^[22m[3
9m[31m[1m^[22m[39m
[31m[1m^[22m[39m[31
m[1m^[22m[39m[31m[
1m^[22m[39m[31m[1m^
[22m[39m[31m[1m^[2
2m[39m[31m[1m^[22m
[39m[31m[1m^[22m[39
m
 [90m 2 |[39m 
[36mimport[39m 
[33mLeadForm[39m 
[36mfrom[39m [32m'@/
components/LeadForm'[3
9m[33m;[39m
 [90m 3 |[39m 
[36mimport[39m { 
[33mCOMPANY[39m } 
[36mfrom[39m [32m'@/
lib/data'[39m[33m;[3
9m
 [90m 4 |[39m 
[36mimport[39m { [33
mPhone[39m[33m,[39m 
[33mMail[39m[33m,[3
9m [33mMapPin[39m[33
m,[39m 
[33mClock[39m } 
[36mfrom[39m [32m'lu
cide-react'[39m[33m;
[39m[0m



https://nextjs.org/docs
/messages/module-not-fo
und


./PrimeDesk/src/app/gal
lery/page.js:4:1
Module not found: 
Can't resolve '@/compon
ents/HeroSection'
[0m [90m 2 |[39m
 [90m 3 |[39m 
[36mimport[39m { 
useState } 
[36mfrom[39m [32m're
act'[39m[33m;[39m
[31m[1m>[22m[39m[9
0m 4 |[39m 
[36mimport[39m 
[33mHeroSection[39m 
[36mfrom[39m [32m'@/
components/HeroSection'
[39m[33m;[39m
 [90m   |[39m [31m[
1m^[22m[39m[31m[1m^
[22m[39m[31m[1m^[2
2m[39m[31m[1m^[22m
[39m[31m[1m^[22m[39
m[31m[1m^[22m[39m[
31m[1m^[22m[39m[31m
[1m^[22m[39m[31m[1
m^[22m[39m[31m[1m^
[22m[39m[31m[1m^[22
m[39m[31m[1m^[22m[
39m[31m[1m^[22m[39m
[31m[1m^[22m[39m[3
1m[1m^[22m[39m[31m
[1m^[22m[39m[31m[1m
^[22m[39m[31m[1m^[
22m[39m[31m[1m^[22m
[39m[31m[1m^[22m[3
9m[31m[1m^[22m[39m
[31m[1m^[22m[39m[31
m[1m^[22m[39m[31m[
1m^[22m[39m[31m[1m^
[22m[39m[31m[1m^[2
2m[39m[31m[1m^[22m
[39m[31m[1m^[22m[39
m[31m[1m^[22m[39m[
31m[1m^[22m[39m[31m
[1m^[22m[39m[31m[1
m^[22m[39m[31m[1m^
[22m[39m[31m[1m^[22
m[39m[31m[1m^[22m[
39m[31m[1m^[22m[39m
[31m[1m^[22m[39m[3
1m[1m^[22m[39m[31m
[1m^[22m[39m[31m[1m
^[22m[39m[31m[1m^[
22m[39m[31m[1m^[22m
[39m[31m[1m^[22m[3
9m[31m[1m^[22m[39m
[31m[1m^[22m[39m[31
m[1m^[22m[39m[31m[
1m^[22m[39m[31m[1m^
[22m[39m[31m[1m^[2
2m[39m[31m[1m^[22m
[39m[31m[1m^[22m[39
m
 [90m 5 |[39m 
[36mimport[39m 
[33mCTABanner[39m 
[36mfrom[39m [32m'@/
components/CTABanner'[
39m[33m;[39m
 [90m 6 |[39m 
[36mimport[39m 
styles [36mfrom[39m 
[32m'./page.module.css'
[39m[33m;[39m
 [90m 7 |[39m[0m



Import traces:
  Client Component 
Browser:
    ./PrimeDesk/src/app
/gallery/page.js 
[Client Component 
Browser]
    ./PrimeDesk/src/app
/gallery/page.js 
[Server Component]

  Client Component SSR:
    ./PrimeDesk/src/app
/gallery/page.js 
[Client Component SSR]
    ./PrimeDesk/src/app
/gallery/page.js 
[Server Component]

https://nextjs.org/docs
/messages/module-not-fo
und


./PrimeDesk/src/app/loc
ations/page.js:1:1
Module not found: 
Can't resolve '@/compon
ents/HeroSection'
[0m[31m[1m>[22m[39
m[90m 1 |[39m 
[36mimport[39m 
[33mHeroSection[39m 
[36mfrom[39m [32m'@/
components/HeroSection'
[39m[33m;[39m
 [90m   |[39m [31m[
1m^[22m[39m[31m[1m^
[22m[39m[31m[1m^[2
2m[39m[31m[1m^[22m
[39m[31m[1m^[22m[39
m[31m[1m^[22m[39m[
31m[1m^[22m[39m[31m
[1m^[22m[39m[31m[1
m^[22m[39m[31m[1m^
[22m[39m[31m[1m^[22
m[39m[31m[1m^[22m[
39m[31m[1m^[22m[39m
[31m[1m^[22m[39m[3
1m[1m^[22m[39m[31m
[1m^[22m[39m[31m[1m
^[22m[39m[31m[1m^[
22m[39m[31m[1m^[22m
[39m[31m[1m^[22m[3
9m[31m[1m^[22m[39m
[31m[1m^[22m[39m[31
m[1m^[22m[39m[31m[
1m^[22m[39m[31m[1m^
[22m[39m[31m[1m^[2
2m[39m[31m[1m^[22m
[39m[31m[1m^[22m[39
m[31m[1m^[22m[39m[
31m[1m^[22m[39m[31m
[1m^[22m[39m[31m[1
m^[22m[39m[31m[1m^
[22m[39m[31m[1m^[22
m[39m[31m[1m^[22m[
39m[31m[1m^[22m[39m
[31m[1m^[22m[39m[3
1m[1m^[22m[39m[31m
[1m^[22m[39m[31m[1m
^[22m[39m[31m[1m^[
22m[39m[31m[1m^[22m
[39m[31m[1m^[22m[3
9m[31m[1m^[22m[39m
[31m[1m^[22m[39m[31
m[1m^[22m[39m[31m[
1m^[22m[39m[31m[1m^
[22m[39m[31m[1m^[2
2m[39m[31m[1m^[22m
[39m[31m[1m^[22m[39
m
 [90m 2 |[39m 
[36mimport[39m 
[33mCTABanner[39m 
[36mfrom[39m [32m'@/
components/CTABanner'[
39m[33m;[39m
 [90m 3 |[39m 
[36mimport[39m { 
[33mLOCATIONS[39m } 
[36mfrom[39m [32m'@/
lib/data'[39m[33m;[3
9m
 [90m 4 |[39m 
[36mimport[39m { 
[33mMapPin[39m } 
[36mfrom[39m [32m'lu
cide-react'[39m[33m;
[39m[0m



https://nextjs.org/docs
/messages/module-not-fo
und


./PrimeDesk/src/app/our
-services/page.js:1:1
Module not found: 
Can't resolve '@/compon
ents/HeroSection'
[0m[31m[1m>[22m[39
m[90m 1 |[39m 
[36mimport[39m 
[33mHeroSection[39m 
[36mfrom[39m [32m'@/
components/HeroSection'
[39m[33m;[39m
 [90m   |[39m [31m[
1m^[22m[39m[31m[1m^
[22m[39m[31m[1m^[2
2m[39m[31m[1m^[22m
[39m[31m[1m^[22m[39
m[31m[1m^[22m[39m[
31m[1m^[22m[39m[31m
[1m^[22m[39m[31m[1
m^[22m[39m[31m[1m^
[22m[39m[31m[1m^[22
m[39m[31m[1m^[22m[
39m[31m[1m^[22m[39m
[31m[1m^[22m[39m[3
1m[1m^[22m[39m[31m
[1m^[22m[39m[31m[1m
^[22m[39m[31m[1m^[
22m[39m[31m[1m^[22m
[39m[31m[1m^[22m[3
9m[31m[1m^[22m[39m
[31m[1m^[22m[39m[31
m[1m^[22m[39m[31m[
1m^[22m[39m[31m[1m^
[22m[39m[31m[1m^[2
2m[39m[31m[1m^[22m
[39m[31m[1m^[22m[39
m[31m[1m^[22m[39m[
31m[1m^[22m[39m[31m
[1m^[22m[39m[31m[1
m^[22m[39m[31m[1m^
[22m[39m[31m[1m^[22
m[39m[31m[1m^[22m[
39m[31m[1m^[22m[39m
[31m[1m^[22m[39m[3
1m[1m^[22m[39m[31m
[1m^[22m[39m[31m[1m
^[22m[39m[31m[1m^[
22m[39m[31m[1m^[22m
[39m[31m[1m^[22m[3
9m[31m[1m^[22m[39m
[31m[1m^[22m[39m[31
m[1m^[22m[39m[31m[
1m^[22m[39m[31m[1m^
[22m[39m[31m[1m^[2
2m[39m[31m[1m^[22m
[39m[31m[1m^[22m[39
m
 [90m 2 |[39m 
[36mimport[39m 
[33mServiceCard[39m 
[36mfrom[39m [32m'@/
components/ServiceCard'
[39m[33m;[39m
 [90m 3 |[39m 
[36mimport[39m 
[33mCTABanner[39m 
[36mfrom[39m [32m'@/
components/CTABanner'[
39m[33m;[39m
 [90m 4 |[39m 
[36mimport[39m { [33
mPRIMARY_SERVICES[39m
[33m,[39m [33mADDITIO
NAL_SERVICES[39m } 
[36mfrom[39m [32m'@/
lib/data'[39m[33m;[3
9m[0m



https://nextjs.org/docs
/messages/module-not-fo
und


./PrimeDesk/src/app/pag
e.js:3:1
Module not found: 
Can't resolve '@/compon
ents/HeroSection'
[0m [90m 1 |[39m 
[36mimport[39m 
[33mLink[39m 
[36mfrom[39m [32m'ne
xt/link'[39m[33m;[39
m
 [90m 2 |[39m 
[36mimport[39m { [33
mSuspense[39m[33m,[3
9m lazy } 
[36mfrom[39m [32m're
act'[39m[33m;[39m
[31m[1m>[22m[39m[9
0m 3 |[39m 
[36mimport[39m 
[33mHeroSection[39m 
[36mfrom[39m [32m'@/
components/HeroSection'
[39m[33m;[39m
 [90m   |[39m [31m[
1m^[22m[39m[31m[1m^
[22m[39m[31m[1m^[2
2m[39m[31m[1m^[22m
[39m[31m[1m^[22m[39
m[31m[1m^[22m[39m[
31m[1m^[22m[39m[31m
[1m^[22m[39m[31m[1
m^[22m[39m[31m[1m^
[22m[39m[31m[1m^[22
m[39m[31m[1m^[22m[
39m[31m[1m^[22m[39m
[31m[1m^[22m[39m[3
1m[1m^[22m[39m[31m
[1m^[22m[39m[31m[1m
^[22m[39m[31m[1m^[
22m[39m[31m[1m^[22m
[39m[31m[1m^[22m[3
9m[31m[1m^[22m[39m
[31m[1m^[22m[39m[31
m[1m^[22m[39m[31m[
1m^[22m[39m[31m[1m^
[22m[39m[31m[1m^[2
2m[39m[31m[1m^[22m
[39m[31m[1m^[22m[39
m[31m[1m^[22m[39m[
31m[1m^[22m[39m[31m
[1m^[22m[39m[31m[1
m^[22m[39m[31m[1m^
[22m[39m[31m[1m^[22
m[39m[31m[1m^[22m[
39m[31m[1m^[22m[39m
[31m[1m^[22m[39m[3
1m[1m^[22m[39m[31m
[1m^[22m[39m[31m[1m
^[22m[39m[31m[1m^[
22m[39m[31m[1m^[22m
[39m[31m[1m^[22m[3
9m[31m[1m^[22m[39m
[31m[1m^[22m[39m[31
m[1m^[22m[39m[31m[
1m^[22m[39m[31m[1m^
[22m[39m[31m[1m^[2
2m[39m[31m[1m^[22m
[39m[31m[1m^[22m[39
m
 [90m 4 |[39m 
[36mimport[39m 
[33mServiceCard[39m 
[36mfrom[39m [32m'@/
components/ServiceCard'
[39m[33m;[39m
 [90m 5 |[39m 
[36mimport[39m { [33
mCOMPANY[39m[33m,[39
m [33mCITIES[39m[33m
,[39m [33mPRIMARY_SER
VICES[39m[33m,[39m 
[33mFEATURES[39m[33m,
[39m 
[33mLOCATIONS[39m } 
[36mfrom[39m [32m'@/
lib/data'[39m[33m;[3
9m
 [90m 6 |[39m 
[36mimport[39m { 
[33mBuilding2[39m } 
[36mfrom[39m [32m'lu
cide-react'[39m[33m;
[39m[0m



https://nextjs.org/docs
/messages/module-not-fo
und


./PrimeDesk/src/app/con
tact-us/page.js:2:1
Module not found: 
Can't resolve 
'@/components/LeadForm'
[0m [90m 1 |[39m 
[36mimport[39m 
[33mHeroSection[39m 
[36mfrom[39m [32m'@/
components/HeroSection'
[39m[33m;[39m
[31m[1m>[22m[39m[9
0m 2 |[39m 
[36mimport[39m 
[33mLeadForm[39m 
[36mfrom[39m [32m'@/
components/LeadForm'[3
9m[33m;[39m
 [90m   |[39m [31m[
1m^[22m[39m[31m[1m^
[22m[39m[31m[1m^[2
2m[39m[31m[1m^[22m
[39m[31m[1m^[22m[39
m[31m[1m^[22m[39m[
31m[1m^[22m[39m[31m
[1m^[22m[39m[31m[1
m^[22m[39m[31m[1m^
[22m[39m[31m[1m^[22
m[39m[31m[1m^[22m[
39m[31m[1m^[22m[39m
[31m[1m^[22m[39m[3
1m[1m^[22m[39m[31m
[1m^[22m[39m[31m[1m
^[22m[39m[31m[1m^[
22m[39m[31m[1m^[22m
[39m[31m[1m^[22m[3
9m[31m[1m^[22m[39m
[31m[1m^[22m[39m[31
m[1m^[22m[39m[31m[
1m^[22m[39m[31m[1m^
[22m[39m[31m[1m^[2
2m[39m[31m[1m^[22m
[39m[31m[1m^[22m[39
m[31m[1m^[22m[39m[
31m[1m^[22m[39m[31m
[1m^[22m[39m[31m[1
m^[22m[39m[31m[1m^
[22m[39m[31m[1m^[22
m[39m[31m[1m^[22m[
39m[31m[1m^[22m[39m
[31m[1m^[22m[39m[3
1m[1m^[22m[39m[31m
[1m^[22m[39m[31m[1m
^[22m[39m[31m[1m^[
22m[39m[31m[1m^[22m
[39m[31m[1m^[22m[3
9m[31m[1m^[22m[39m
[31m[1m^[22m[39m
 [90m 3 |[39m 
[36mimport[39m { 
[33mCOMPANY[39m } 
[36mfrom[39m [32m'@/
lib/data'[39m[33m;[3
9m
 [90m 4 |[39m 
[36mimport[39m { [33
mPhone[39m[33m,[39m 
[33mMail[39m[33m,[3
9m [33mMapPin[39m[33
m,[39m 
[33mClock[39m } 
[36mfrom[39m [32m'lu
cide-react'[39m[33m;
[39m
 [90m 5 |[39m 
[36mimport[39m 
styles [36mfrom[39m 
[32m'./page.module.css'
[39m[33m;[39m[0m



https://nextjs.org/docs
/messages/module-not-fo
und


./PrimeDesk/src/app/our
-services/page.js:2:1
Module not found: 
Can't resolve '@/compon
ents/ServiceCard'
[0m [90m 1 |[39m 
[36mimport[39m 
[33mHeroSection[39m 
[36mfrom[39m [32m'@/
components/HeroSection'
[39m[33m;[39m
[31m[1m>[22m[39m[9
0m 2 |[39m 
[36mimport[39m 
[33mServiceCard[39m 
[36mfrom[39m [32m'@/
components/ServiceCard'
[39m[33m;[39m
 [90m   |[39m [31m[
1m^[22m[39m[31m[1m^
[22m[39m[31m[1m^[2
2m[39m[31m[1m^[22m
[39m[31m[1m^[22m[39
m[31m[1m^[22m[39m[
31m[1m^[22m[39m[31m
[1m^[22m[39m[31m[1
m^[22m[39m[31m[1m^
[22m[39m[31m[1m^[22
m[39m[31m[1m^[22m[
39m[31m[1m^[22m[39m
[31m[1m^[22m[39m[3
1m[1m^[22m[39m[31m
[1m^[22m[39m[31m[1m
^[22m[39m[31m[1m^[
22m[39m[31m[1m^[22m
[39m[31m[1m^[22m[3
9m[31m[1m^[22m[39m
[31m[1m^[22m[39m[31
m[1m^[22m[39m[31m[
1m^[22m[39m[31m[1m^
[22m[39m[31m[1m^[2
2m[39m[31m[1m^[22m
[39m[31m[1m^[22m[39
m[31m[1m^[22m[39m[
31m[1m^[22m[39m[31m
[1m^[22m[39m[31m[1
m^[22m[39m[31m[1m^
[22m[39m[31m[1m^[22
m[39m[31m[1m^[22m[
39m[31m[1m^[22m[39m
[31m[1m^[22m[39m[3
1m[1m^[22m[39m[31m
[1m^[22m[39m[31m[1m
^[22m[39m[31m[1m^[
22m[39m[31m[1m^[22m
[39m[31m[1m^[22m[3
9m[31m[1m^[22m[39m
[31m[1m^[22m[39m[31
m[1m^[22m[39m[31m[
1m^[22m[39m[31m[1m^
[22m[39m[31m[1m^[2
2m[39m[31m[1m^[22m
[39m[31m[1m^[22m[39
m
 [90m 3 |[39m 
[36mimport[39m 
[33mCTABanner[39m 
[36mfrom[39m [32m'@/
components/CTABanner'[
39m[33m;[39m
 [90m 4 |[39m 
[36mimport[39m { [33
mPRIMARY_SERVICES[39m
[33m,[39m [33mADDITIO
NAL_SERVICES[39m } 
[36mfrom[39m [32m'@/
lib/data'[39m[33m;[3
9m
 [90m 5 |[39m[0m



https://nextjs.org/docs
/messages/module-not-fo
und


./PrimeDesk/src/app/pag
e.js:4:1
Module not found: 
Can't resolve '@/compon
ents/ServiceCard'
[0m [90m 2 |[39m 
[36mimport[39m { [33
mSuspense[39m[33m,[3
9m lazy } 
[36mfrom[39m [32m're
act'[39m[33m;[39m
 [90m 3 |[39m 
[36mimport[39m 
[33mHeroSection[39m 
[36mfrom[39m [32m'@/
components/HeroSection'
[39m[33m;[39m
[31m[1m>[22m[39m[9
0m 4 |[39m 
[36mimport[39m 
[33mServiceCard[39m 
[36mfrom[39m [32m'@/
components/ServiceCard'
[39m[33m;[39m
 [90m   |[39m [31m[
1m^[22m[39m[31m[1m^
[22m[39m[31m[1m^[2
2m[39m[31m[1m^[22m
[39m[31m[1m^[22m[39
m[31m[1m^[22m[39m[
31m[1m^[22m[39m[31m
[1m^[22m[39m[31m[1
m^[22m[39m[31m[1m^
[22m[39m[31m[1m^[22
m[39m[31m[1m^[22m[
39m[31m[1m^[22m[39m
[31m[1m^[22m[39m[3
1m[1m^[22m[39m[31m
[1m^[22m[39m[31m[1m
^[22m[39m[31m[1m^[
22m[39m[31m[1m^[22m
[39m[31m[1m^[22m[3
9m[31m[1m^[22m[39m
[31m[1m^[22m[39m[31
m[1m^[22m[39m[31m[
1m^[22m[39m[31m[1m^
[22m[39m[31m[1m^[2
2m[39m[31m[1m^[22m
[39m[31m[1m^[22m[39
m[31m[1m^[22m[39m[
31m[1m^[22m[39m[31m
[1m^[22m[39m[31m[1
m^[22m[39m[31m[1m^
[22m[39m[31m[1m^[22
m[39m[31m[1m^[22m[
39m[31m[1m^[22m[39m
[31m[1m^[22m[39m[3
1m[1m^[22m[39m[31m
[1m^[22m[39m[31m[1m
^[22m[39m[31m[1m^[
22m[39m[31m[1m^[22m
[39m[31m[1m^[22m[3
9m[31m[1m^[22m[39m
[31m[1m^[22m[39m[31
m[1m^[22m[39m[31m[
1m^[22m[39m[31m[1m^
[22m[39m[31m[1m^[2
2m[39m[31m[1m^[22m
[39m[31m[1m^[22m[39
m
 [90m 5 |[39m 
[36mimport[39m { [33
mCOMPANY[39m[33m,[39
m [33mCITIES[39m[33m
,[39m [33mPRIMARY_SER
VICES[39m[33m,[39m 
[33mFEATURES[39m[33m,
[39m 
[33mLOCATIONS[39m } 
[36mfrom[39m [32m'@/
lib/data'[39m[33m;[3
9m
 [90m 6 |[39m 
[36mimport[39m { 
[33mBuilding2[39m } 
[36mfrom[39m [32m'lu
cide-react'[39m[33m;
[39m
 [90m 7 |[39m 
[36mimport[39m { 
getIcon } 
[36mfrom[39m [32m'@/
lib/icons'[39m[33m;[
39m[0m



https://nextjs.org/docs
/messages/module-not-fo
und


./PrimeDesk/src/app/bes
t-customized-office-spa
ce/page.js:1:1
Module not found: 
Can't resolve '@/compon
ents/ServicePageTemplat
e'
[0m[31m[1m>[22m[39
m[90m 1 |[39m 
[36mimport[39m [33mS
ervicePageTemplate[39m
 [36mfrom[39m [32m'@
/components/ServicePage
Template'[39m[33m;[3
9m
 [90m   |[39m [31m[
1m^[22m[39m[31m[1m^
[22m[39m[31m[1m^[2
2m[39m[31m[1m^[22m
[39m[31m[1m^[22m[39
m[31m[1m^[22m[39m[
31m[1m^[22m[39m[31m
[1m^[22m[39m[31m[1
m^[22m[39m[31m[1m^
[22m[39m[31m[1m^[22
m[39m[31m[1m^[22m[
39m[31m[1m^[22m[39m
[31m[1m^[22m[39m[3
1m[1m^[22m[39m[31m
[1m^[22m[39m[31m[1m
^[22m[39m[31m[1m^[
22m[39m[31m[1m^[22m
[39m[31m[1m^[22m[3
9m[31m[1m^[22m[39m
[31m[1m^[22m[39m[31
m[1m^[22m[39m[31m[
1m^[22m[39m[31m[1m^
[22m[39m[31m[1m^[2
2m[39m[31m[1m^[22m
[39m[31m[1m^[22m[39
m[31m[1m^[22m[39m[
31m[1m^[22m[39m[31m
[1m^[22m[39m[31m[1
m^[22m[39m[31m[1m^
[22m[39m[31m[1m^[22
m[39m[31m[1m^[22m[
39m[31m[1m^[22m[39m
[31m[1m^[22m[39m[3
1m[1m^[22m[39m[31m
[1m^[22m[39m[31m[1m
^[22m[39m[31m[1m^[
22m[39m[31m[1m^[22m
[39m[31m[1m^[22m[3
9m[31m[1m^[22m[39m
[31m[1m^[22m[39m[31
m[1m^[22m[39m[31m[
1m^[22m[39m[31m[1m^
[22m[39m[31m[1m^[2
2m[39m[31m[1m^[22m
[39m[31m[1m^[22m[39
m[31m[1m^[22m[39m[
31m[1m^[22m[39m[31m
[1m^[22m[39m[31m[1
m^[22m[39m[31m[1m^
[22m[39m[31m[1m^[22
m[39m[31m[1m^[22m[
39m[31m[1m^[22m[39m
[31m[1m^[22m[39m[3
1m[1m^[22m[39m[31m
[1m^[22m[39m[31m[1m
^[22m[39m[31m[1m^[
22m[39m[31m[1m^[22m
[39m[31m[1m^[22m[3
9m[31m[1m^[22m[39m
 [90m 2 |[39m 
[36mimport[39m { [33
mSERVICE_PAGES[39m } 
[36mfrom[39m [32m'@/
lib/data'[39m[33m;[3
9m
 [90m 3 |[39m
 [90m 4 |[39m 
[36mconst[39m data 
[33m=[39m [33mSERVIC
E_PAGES[39m[[32m'best
-customized-office-spac
e'[39m][33m;[39m[0m



https://nextjs.org/docs
/messages/module-not-fo
und


./PrimeDesk/src/app/co-
working-spaces/page.js:
1:1
Module not found: 
Can't resolve '@/compon
ents/ServicePageTemplat
e'
[0m[31m[1m>[22m[39
m[90m 1 |[39m 
[36mimport[39m [33mS
ervicePageTemplate[39m
 [36mfrom[39m [32m'@
/components/ServicePage
Template'[39m[33m;[3
9m
 [90m   |[39m [31m[
1m^[22m[39m[31m[1m^
[22m[39m[31m[1m^[2
2m[39m[31m[1m^[22m
[39m[31m[1m^[22m[39
m[31m[1m^[22m[39m[
31m[1m^[22m[39m[31m
[1m^[22m[39m[31m[1
m^[22m[39m[31m[1m^
[22m[39m[31m[1m^[22
m[39m[31m[1m^[22m[
39m[31m[1m^[22m[39m
[31m[1m^[22m[39m[3
1m[1m^[22m[39m[31m
[1m^[22m[39m[31m[1m
^[22m[39m[31m[1m^[
22m[39m[31m[1m^[22m
[39m[31m[1m^[22m[3
9m[31m[1m^[22m[39m
[31m[1m^[22m[39m[31
m[1m^[22m[39m[31m[
1m^[22m[39m[31m[1m^
[22m[39m[31m[1m^[2
2m[39m[31m[1m^[22m
[39m[31m[1m^[22m[39
m[31m[1m^[22m[39m[
31m[1m^[22m[39m[31m
[1m^[22m[39m[31m[1
m^[22m[39m[31m[1m^
[22m[39m[31m[1m^[22
m[39m[31m[1m^[22m[
39m[31m[1m^[22m[39m
[31m[1m^[22m[39m[3
1m[1m^[22m[39m[31m
[1m^[22m[39m[31m[1m
^[22m[39m[31m[1m^[
22m[39m[31m[1m^[22m
[39m[31m[1m^[22m[3
9m[31m[1m^[22m[39m
[31m[1m^[22m[39m[31
m[1m^[22m[39m[31m[
1m^[22m[39m[31m[1m^
[22m[39m[31m[1m^[2
2m[39m[31m[1m^[22m
[39m[31m[1m^[22m[39
m[31m[1m^[22m[39m[
31m[1m^[22m[39m[31m
[1m^[22m[39m[31m[1
m^[22m[39m[31m[1m^
[22m[39m[31m[1m^[22
m[39m[31m[1m^[22m[
39m[31m[1m^[22m[39m
[31m[1m^[22m[39m[3
1m[1m^[22m[39m[31m
[1m^[22m[39m[31m[1m
^[22m[39m[31m[1m^[
22m[39m[31m[1m^[22m
[39m[31m[1m^[22m[3
9m[31m[1m^[22m[39m
 [90m 2 |[39m 
[36mimport[39m { [33
mSERVICE_PAGES[39m } 
[36mfrom[39m [32m'@/
lib/data'[39m[33m;[3
9m
 [90m 3 |[39m
 [90m 4 |[39m 
[36mconst[39m data 
[33m=[39m [33mSERVIC
E_PAGES[39m[[32m'co-w
orking-spaces'[39m][3
3m;[39m[0m



https://nextjs.org/docs
/messages/module-not-fo
und


./PrimeDesk/src/app/con
ventional-office-space/
page.js:1:1
Module not found: 
Can't resolve '@/compon
ents/ServicePageTemplat
e'
[0m[31m[1m>[22m[39
m[90m 1 |[39m 
[36mimport[39m [33mS
ervicePageTemplate[39m
 [36mfrom[39m [32m'@
/components/ServicePage
Template'[39m[33m;[3
9m
 [90m   |[39m [31m[
1m^[22m[39m[31m[1m^
[22m[39m[31m[1m^[2
2m[39m[31m[1m^[22m
[39m[31m[1m^[22m[39
m[31m[1m^[22m[39m[
31m[1m^[22m[39m[31m
[1m^[22m[39m[31m[1
m^[22m[39m[31m[1m^
[22m[39m[31m[1m^[22
m[39m[31m[1m^[22m[
39m[31m[1m^[22m[39m
[31m[1m^[22m[39m[3
1m[1m^[22m[39m[31m
[1m^[22m[39m[31m[1m
^[22m[39m[31m[1m^[
22m[39m[31m[1m^[22m
[39m[31m[1m^[22m[3
9m[31m[1m^[22m[39m
[31m[1m^[22m[39m[31
m[1m^[22m[39m[31m[
1m^[22m[39m[31m[1m^
[22m[39m[31m[1m^[2
2m[39m[31m[1m^[22m
[39m[31m[1m^[22m[39
m[31m[1m^[22m[39m[
31m[1m^[22m[39m[31m
[1m^[22m[39m[31m[1
m^[22m[39m[31m[1m^
[22m[39m[31m[1m^[22
m[39m[31m[1m^[22m[
39m[31m[1m^[22m[39m
[31m[1m^[22m[39m[3
1m[1m^[22m[39m[31m
[1m^[22m[39m[31m[1m
^[22m[39m[31m[1m^[
22m[39m[31m[1m^[22m
[39m[31m[1m^[22m[3
9m[31m[1m^[22m[39m
[31m[1m^[22m[39m[31
m[1m^[22m[39m[31m[
1m^[22m[39m[31m[1m^
[22m[39m[31m[1m^[2
2m[39m[31m[1m^[22m
[39m[31m[1m^[22m[39
m[31m[1m^[22m[39m[
31m[1m^[22m[39m[31m
[1m^[22m[39m[31m[1
m^[22m[39m[31m[1m^
[22m[39m[31m[1m^[22
m[39m[31m[1m^[22m[
39m[31m[1m^[22m[39m
[31m[1m^[22m[39m[3
1m[1m^[22m[39m[31m
[1m^[22m[39m[31m[1m
^[22m[39m[31m[1m^[
22m[39m[31m[1m^[22m
[39m[31m[1m^[22m[3
9m[31m[1m^[22m[39m
 [90m 2 |[39m 
[36mimport[39m { [33
mSERVICE_PAGES[39m } 
[36mfrom[39m [32m'@/
lib/data'[39m[33m;[3
9m
 [90m 3 |[39m
 [90m 4 |[39m 
[36mconst[39m data 
[33m=[39m [33mSERVIC
E_PAGES[39m[[32m'conv
entional-office-space'
[39m][33m;[39m[0m



https://nextjs.org/docs
/messages/module-not-fo
und


./PrimeDesk/src/app/cos
t-effective-office/page
.js:1:1
Module not found: 
Can't resolve '@/compon
ents/ServicePageTemplat
e'
[0m[31m[1m>[22m[39
m[90m 1 |[39m 
[36mimport[39m [33mS
ervicePageTemplate[39m
 [36mfrom[39m [32m'@
/components/ServicePage
Template'[39m[33m;[3
9m
 [90m   |[39m [31m[
1m^[22m[39m[31m[1m^
[22m[39m[31m[1m^[2
2m[39m[31m[1m^[22m
[39m[31m[1m^[22m[39
m[31m[1m^[22m[39m[
31m[1m^[22m[39m[31m
[1m^[22m[39m[31m[1
m^[22m[39m[31m[1m^
[22m[39m[31m[1m^[22
m[39m[31m[1m^[22m[
39m[31m[1m^[22m[39m
[31m[1m^[22m[39m[3
1m[1m^[22m[39m[31m
[1m^[22m[39m[31m[1m
^[22m[39m[31m[1m^[
22m[39m[31m[1m^[22m
[39m[31m[1m^[22m[3
9m[31m[1m^[22m[39m
[31m[1m^[22m[39m[31
m[1m^[22m[39m[31m[
1m^[22m[39m[31m[1m^
[22m[39m[31m[1m^[2
2m[39m[31m[1m^[22m
[39m[31m[1m^[22m[39
m[31m[1m^[22m[39m[
31m[1m^[22m[39m[31m
[1m^[22m[39m[31m[1
m^[22m[39m[31m[1m^
[22m[39m[31m[1m^[22
m[39m[31m[1m^[22m[
39m[31m[1m^[22m[39m
[31m[1m^[22m[39m[3
1m[1m^[22m[39m[31m
[1m^[22m[39m[31m[1m
^[22m[39m[31m[1m^[
22m[39m[31m[1m^[22m
[39m[31m[1m^[22m[3
9m[31m[1m^[22m[39m
[31m[1m^[22m[39m[31
m[1m^[22m[39m[31m[
1m^[22m[39m[31m[1m^
[22m[39m[31m[1m^[2
2m[39m[31m[1m^[22m
[39m[31m[1m^[22m[39
m[31m[1m^[22m[39m[
31m[1m^[22m[39m[31m
[1m^[22m[39m[31m[1
m^[22m[39m[31m[1m^
[22m[39m[31m[1m^[22
m[39m[31m[1m^[22m[
39m[31m[1m^[22m[39m
[31m[1m^[22m[39m[3
1m[1m^[22m[39m[31m
[1m^[22m[39m[31m[1m
^[22m[39m[31m[1m^[
22m[39m[31m[1m^[22m
[39m[31m[1m^[22m[3
9m[31m[1m^[22m[39m
 [90m 2 |[39m 
[36mimport[39m { [33
mSERVICE_PAGES[39m } 
[36mfrom[39m [32m'@/
lib/data'[39m[33m;[3
9m
 [90m 3 |[39m
 [90m 4 |[39m 
[36mconst[39m data 
[33m=[39m [33mSERVIC
E_PAGES[39m[[32m'cost
-effective-office'[39m
][33m;[39m[0m



https://nextjs.org/docs
/messages/module-not-fo
und


./PrimeDesk/src/app/gui
ded-visits-one-to-one-c
onsultation/page.js:1:1
Module not found: 
Can't resolve '@/compon
ents/ServicePageTemplat
e'
[0m[31m[1m>[22m[39
m[90m 1 |[39m 
[36mimport[39m [33mS
ervicePageTemplate[39m
 [36mfrom[39m [32m'@
/components/ServicePage
Template'[39m[33m;[3
9m
 [90m   |[39m [31m[
1m^[22m[39m[31m[1m^
[22m[39m[31m[1m^[2
2m[39m[31m[1m^[22m
[39m[31m[1m^[22m[39
m[31m[1m^[22m[39m[
31m[1m^[22m[39m[31m
[1m^[22m[39m[31m[1
m^[22m[39m[31m[1m^
[22m[39m[31m[1m^[22
m[39m[31m[1m^[22m[
39m[31m[1m^[22m[39m
[31m[1m^[22m[39m[3
1m[1m^[22m[39m[31m
[1m^[22m[39m[31m[1m
^[22m[39m[31m[1m^[
22m[39m[31m[1m^[22m
[39m[31m[1m^[22m[3
9m[31m[1m^[22m[39m
[31m[1m^[22m[39m[31
m[1m^[22m[39m[31m[
1m^[22m[39m[31m[1m^
[22m[39m[31m[1m^[2
2m[39m[31m[1m^[22m
[39m[31m[1m^[22m[39
m[31m[1m^[22m[39m[
31m[1m^[22m[39m[31m
[1m^[22m[39m[31m[1
m^[22m[39m[31m[1m^
[22m[39m[31m[1m^[22
m[39m[31m[1m^[22m[
39m[31m[1m^[22m[39m
[31m[1m^[22m[39m[3
1m[1m^[22m[39m[31m
[1m^[22m[39m[31m[1m
^[22m[39m[31m[1m^[
22m[39m[31m[1m^[22m
[39m[31m[1m^[22m[3
9m[31m[1m^[22m[39m
[31m[1m^[22m[39m[31
m[1m^[22m[39m[31m[
1m^[22m[39m[31m[1m^
[22m[39m[31m[1m^[2
2m[39m[31m[1m^[22m
[39m[31m[1m^[22m[39
m[31m[1m^[22m[39m[
31m[1m^[22m[39m[31m
[1m^[22m[39m[31m[1
m^[22m[39m[31m[1m^
[22m[39m[31m[1m^[22
m[39m[31m[1m^[22m[
39m[31m[1m^[22m[39m
[31m[1m^[22m[39m[3
1m[1m^[22m[39m[31m
[1m^[22m[39m[31m[1m
^[22m[39m[31m[1m^[
22m[39m[31m[1m^[22m
[39m[31m[1m^[22m[3
9m[31m[1m^[22m[39m
 [90m 2 |[39m 
[36mimport[39m { [33
mSERVICE_PAGES[39m } 
[36mfrom[39m [32m'@/
lib/data'[39m[33m;[3
9m
 [90m 3 |[39m
 [90m 4 |[39m 
[36mconst[39m data 
[33m=[39m [33mSERVIC
E_PAGES[39m[[32m'guid
ed-visits-one-to-one-co
nsultation'[39m][33m;
[39m[0m



https://nextjs.org/docs
/messages/module-not-fo
und


./PrimeDesk/src/app/has
sle-free-experience/pag
e.js:1:1
Module not found: 
Can't resolve '@/compon
ents/ServicePageTemplat
e'
[0m[31m[1m>[22m[39
m[90m 1 |[39m 
[36mimport[39m [33mS
ervicePageTemplate[39m
 [36mfrom[39m [32m'@
/components/ServicePage
Template'[39m[33m;[3
9m
 [90m   |[39m [31m[
1m^[22m[39m[31m[1m^
[22m[39m[31m[1m^[2
2m[39m[31m[1m^[22m
[39m[31m[1m^[22m[39
m[31m[1m^[22m[39m[
31m[1m^[22m[39m[31m
[1m^[22m[39m[31m[1
m^[22m[39m[31m[1m^
[22m[39m[31m[1m^[22
m[39m[31m[1m^[22m[
39m[31m[1m^[22m[39m
[31m[1m^[22m[39m[3
1m[1m^[22m[39m[31m
[1m^[22m[39m[31m[1m
^[22m[39m[31m[1m^[
22m[39m[31m[1m^[22m
[39m[31m[1m^[22m[3
9m[31m[1m^[22m[39m
[31m[1m^[22m[39m[31
m[1m^[22m[39m[31m[
1m^[22m[39m[31m[1m^
[22m[39m[31m[1m^[2
2m[39m[31m[1m^[22m
[39m[31m[1m^[22m[39
m[31m[1m^[22m[39m[
31m[1m^[22m[39m[31m
[1m^[22m[39m[31m[1
m^[22m[39m[31m[1m^
[22m[39m[31m[1m^[22
m[39m[31m[1m^[22m[
39m[31m[1m^[22m[39m
[31m[1m^[22m[39m[3
1m[1m^[22m[39m[31m
[1m^[22m[39m[31m[1m
^[22m[39m[31m[1m^[
22m[39m[31m[1m^[22m
[39m[31m[1m^[22m[3
9m[31m[1m^[22m[39m
[31m[1m^[22m[39m[31
m[1m^[22m[39m[31m[
1m^[22m[39m[31m[1m^
[22m[39m[31m[1m^[2
2m[39m[31m[1m^[22m
[39m[31m[1m^[22m[39
m[31m[1m^[22m[39m[
31m[1m^[22m[39m[31m
[1m^[22m[39m[31m[1
m^[22m[39m[31m[1m^
[22m[39m[31m[1m^[22
m[39m[31m[1m^[22m[
39m[31m[1m^[22m[39m
[31m[1m^[22m[39m[3
1m[1m^[22m[39m[31m
[1m^[22m[39m[31m[1m
^[22m[39m[31m[1m^[
22m[39m[31m[1m^[22m
[39m[31m[1m^[22m[3
9m[31m[1m^[22m[39m
 [90m 2 |[39m 
[36mimport[39m { [33
mSERVICE_PAGES[39m } 
[36mfrom[39m [32m'@/
lib/data'[39m[33m;[3
9m
 [90m 3 |[39m
 [90m 4 |[39m 
[36mconst[39m data 
[33m=[39m [33mSERVIC
E_PAGES[39m[[32m'hass
le-free-experience'[39
m][33m;[39m[0m



https://nextjs.org/docs
/messages/module-not-fo
und


./PrimeDesk/src/app/man
aged-office-space/page.
js:1:1
Module not found: 
Can't resolve '@/compon
ents/ServicePageTemplat
e'
[0m[31m[1m>[22m[39
m[90m 1 |[39m 
[36mimport[39m [33mS
ervicePageTemplate[39m
 [36mfrom[39m [32m'@
/components/ServicePage
Template'[39m[33m;[3
9m
 [90m   |[39m [31m[
1m^[22m[39m[31m[1m^
[22m[39m[31m[1m^[2
2m[39m[31m[1m^[22m
[39m[31m[1m^[22m[39
m[31m[1m^[22m[39m[
31m[1m^[22m[39m[31m
[1m^[22m[39m[31m[1
m^[22m[39m[31m[1m^
[22m[39m[31m[1m^[22
m[39m[31m[1m^[22m[
39m[31m[1m^[22m[39m
[31m[1m^[22m[39m[3
1m[1m^[22m[39m[31m
[1m^[22m[39m[31m[1m
^[22m[39m[31m[1m^[
22m[39m[31m[1m^[22m
[39m[31m[1m^[22m[3
9m[31m[1m^[22m[39m
[31m[1m^[22m[39m[31
m[1m^[22m[39m[31m[
1m^[22m[39m[31m[1m^
[22m[39m[31m[1m^[2
2m[39m[31m[1m^[22m
[39m[31m[1m^[22m[39
m[31m[1m^[22m[39m[
31m[1m^[22m[39m[31m
[1m^[22m[39m[31m[1
m^[22m[39m[31m[1m^
[22m[39m[31m[1m^[22
m[39m[31m[1m^[22m[
39m[31m[1m^[22m[39m
[31m[1m^[22m[39m[3
1m[1m^[22m[39m[31m
[1m^[22m[39m[31m[1m
^[22m[39m[31m[1m^[
22m[39m[31m[1m^[22m
[39m[31m[1m^[22m[3
9m[31m[1m^[22m[39m
[31m[1m^[22m[39m[31
m[1m^[22m[39m[31m[
1m^[22m[39m[31m[1m^
[22m[39m[31m[1m^[2
2m[39m[31m[1m^[22m
[39m[31m[1m^[22m[39
m[31m[1m^[22m[39m[
31m[1m^[22m[39m[31m
[1m^[22m[39m[31m[1
m^[22m[39m[31m[1m^
[22m[39m[31m[1m^[22
m[39m[31m[1m^[22m[
39m[31m[1m^[22m[39m
[31m[1m^[22m[39m[3
1m[1m^[22m[39m[31m
[1m^[22m[39m[31m[1m
^[22m[39m[31m[1m^[
22m[39m[31m[1m^[22m
[39m[31m[1m^[22m[3
9m[31m[1m^[22m[39m
 [90m 2 |[39m 
[36mimport[39m { [33
mSERVICE_PAGES[39m } 
[36mfrom[39m [32m'@/
lib/data'[39m[33m;[3
9m
 [90m 3 |[39m
 [90m 4 |[39m 
[36mconst[39m data 
[33m=[39m [33mSERVIC
E_PAGES[39m[[32m'mana
ged-office-space'[39m]
[33m;[39m[0m



https://nextjs.org/docs
/messages/module-not-fo
und


./PrimeDesk/src/app/mul
ti-city-offices/page.js
:1:1
Module not found: 
Can't resolve '@/compon
ents/ServicePageTemplat
e'
[0m[31m[1m>[22m[39
m[90m 1 |[39m 
[36mimport[39m [33mS
ervicePageTemplate[39m
 [36mfrom[39m [32m'@
/components/ServicePage
Template'[39m[33m;[3
9m
 [90m   |[39m [31m[
1m^[22m[39m[31m[1m^
[22m[39m[31m[1m^[2
2m[39m[31m[1m^[22m
[39m[31m[1m^[22m[39
m[31m[1m^[22m[39m[
31m[1m^[22m[39m[31m
[1m^[22m[39m[31m[1
m^[22m[39m[31m[1m^
[22m[39m[31m[1m^[22
m[39m[31m[1m^[22m[
39m[31m[1m^[22m[39m
[31m[1m^[22m[39m[3
1m[1m^[22m[39m[31m
[1m^[22m[39m[31m[1m
^[22m[39m[31m[1m^[
22m[39m[31m[1m^[22m
[39m[31m[1m^[22m[3
9m[31m[1m^[22m[39m
[31m[1m^[22m[39m[31
m[1m^[22m[39m[31m[
1m^[22m[39m[31m[1m^
[22m[39m[31m[1m^[2
2m[39m[31m[1m^[22m
[39m[31m[1m^[22m[39
m[31m[1m^[22m[39m[
31m[1m^[22m[39m[31m
[1m^[22m[39m[31m[1
m^[22m[39m[31m[1m^
[22m[39m[31m[1m^[22
m[39m[31m[1m^[22m[
39m[31m[1m^[22m[39m
[31m[1m^[22m[39m[3
1m[1m^[22m[39m[31m
[1m^[22m[39m[31m[1m
^[22m[39m[31m[1m^[
22m[39m[31m[1m^[22m
[39m[31m[1m^[22m[3
9m[31m[1m^[22m[39m
[31m[1m^[22m[39m[31
m[1m^[22m[39m[31m[
1m^[22m[39m[31m[1m^
[22m[39m[31m[1m^[2
2m[39m[31m[1m^[22m
[39m[31m[1m^[22m[39
m[31m[1m^[22m[39m[
31m[1m^[22m[39m[31m
[1m^[22m[39m[31m[1
m^[22m[39m[31m[1m^
[22m[39m[31m[1m^[22
m[39m[31m[1m^[22m[
39m[31m[1m^[22m[39m
[31m[1m^[22m[39m[3
1m[1m^[22m[39m[31m
[1m^[22m[39m[31m[1m
^[22m[39m[31m[1m^[
22m[39m[31m[1m^[22m
[39m[31m[1m^[22m[3
9m[31m[1m^[22m[39m
 [90m 2 |[39m 
[36mimport[39m { [33
mSERVICE_PAGES[39m } 
[36mfrom[39m [32m'@/
lib/data'[39m[33m;[3
9m
 [90m 3 |[39m
 [90m 4 |[39m 
[36mconst[39m data 
[33m=[39m [33mSERVIC
E_PAGES[39m[[32m'mult
i-city-offices'[39m][
33m;[39m[0m



https://nextjs.org/docs
/messages/module-not-fo
und


./PrimeDesk/src/app/plu
g-play-offices/page.js:
1:1
Module not found: 
Can't resolve '@/compon
ents/ServicePageTemplat
e'
[0m[31m[1m>[22m[39
m[90m 1 |[39m 
[36mimport[39m [33mS
ervicePageTemplate[39m
 [36mfrom[39m [32m'@
/components/ServicePage
Template'[39m[33m;[3
9m
 [90m   |[39m [31m[
1m^[22m[39m[31m[1m^
[22m[39m[31m[1m^[2
2m[39m[31m[1m^[22m
[39m[31m[1m^[22m[39
m[31m[1m^[22m[39m[
31m[1m^[22m[39m[31m
[1m^[22m[39m[31m[1
m^[22m[39m[31m[1m^
[22m[39m[31m[1m^[22
m[39m[31m[1m^[22m[
39m[31m[1m^[22m[39m
[31m[1m^[22m[39m[3
1m[1m^[22m[39m[31m
[1m^[22m[39m[31m[1m
^[22m[39m[31m[1m^[
22m[39m[31m[1m^[22m
[39m[31m[1m^[22m[3
9m[31m[1m^[22m[39m
[31m[1m^[22m[39m[31
m[1m^[22m[39m[31m[
1m^[22m[39m[31m[1m^
[22m[39m[31m[1m^[2
2m[39m[31m[1m^[22m
[39m[31m[1m^[22m[39
m[31m[1m^[22m[39m[
31m[1m^[22m[39m[31m
[1m^[22m[39m[31m[1
m^[22m[39m[31m[1m^
[22m[39m[31m[1m^[22
m[39m[31m[1m^[22m[
39m[31m[1m^[22m[39m
[31m[1m^[22m[39m[3
1m[1m^[22m[39m[31m
[1m^[22m[39m[31m[1m
^[22m[39m[31m[1m^[
22m[39m[31m[1m^[22m
[39m[31m[1m^[22m[3
9m[31m[1m^[22m[39m
[31m[1m^[22m[39m[31
m[1m^[22m[39m[31m[
1m^[22m[39m[31m[1m^
[22m[39m[31m[1m^[2
2m[39m[31m[1m^[22m
[39m[31m[1m^[22m[39
m[31m[1m^[22m[39m[
31m[1m^[22m[39m[31m
[1m^[22m[39m[31m[1
m^[22m[39m[31m[1m^
[22m[39m[31m[1m^[22
m[39m[31m[1m^[22m[
39m[31m[1m^[22m[39m
[31m[1m^[22m[39m[3
1m[1m^[22m[39m[31m
[1m^[22m[39m[31m[1m
^[22m[39m[31m[1m^[
22m[39m[31m[1m^[22m
[39m[31m[1m^[22m[3
9m[31m[1m^[22m[39m
 [90m 2 |[39m 
[36mimport[39m { [33
mSERVICE_PAGES[39m } 
[36mfrom[39m [32m'@/
lib/data'[39m[33m;[3
9m
 [90m 3 |[39m
 [90m 4 |[39m 
[36mconst[39m data 
[33m=[39m [33mSERVIC
E_PAGES[39m[[32m'plug
-play-offices'[39m][3
3m;[39m[0m



https://nextjs.org/docs
/messages/module-not-fo
und


./PrimeDesk/src/app/pri
vate-shared-workspaces/
page.js:1:1
Module not found: 
Can't resolve '@/compon
ents/ServicePageTemplat
e'
[0m[31m[1m>[22m[39
m[90m 1 |[39m 
[36mimport[39m [33mS
ervicePageTemplate[39m
 [36mfrom[39m [32m'@
/components/ServicePage
Template'[39m[33m;[3
9m
 [90m   |[39m [31m[
1m^[22m[39m[31m[1m^
[22m[39m[31m[1m^[2
2m[39m[31m[1m^[22m
[39m[31m[1m^[22m[39
m[31m[1m^[22m[39m[
31m[1m^[22m[39m[31m
[1m^[22m[39m[31m[1
m^[22m[39m[31m[1m^
[22m[39m[31m[1m^[22
m[39m[31m[1m^[22m[
39m[31m[1m^[22m[39m
[31m[1m^[22m[39m[3
1m[1m^[22m[39m[31m
[1m^[22m[39m[31m[1m
^[22m[39m[31m[1m^[
22m[39m[31m[1m^[22m
[39m[31m[1m^[22m[3
9m[31m[1m^[22m[39m
[31m[1m^[22m[39m[31
m[1m^[22m[39m[31m[
1m^[22m[39m[31m[1m^
[22m[39m[31m[1m^[2
2m[39m[31m[1m^[22m
[39m[31m[1m^[22m[39
m[31m[1m^[22m[39m[
31m[1m^[22m[39m[31m
[1m^[22m[39m[31m[1
m^[22m[39m[31m[1m^
[22m[39m[31m[1m^[22
m[39m[31m[1m^[22m[
39m[31m[1m^[22m[39m
[31m[1m^[22m[39m[3
1m[1m^[22m[39m[31m
[1m^[22m[39m[31m[1m
^[22m[39m[31m[1m^[
22m[39m[31m[1m^[22m
[39m[31m[1m^[22m[3
9m[31m[1m^[22m[39m
[31m[1m^[22m[39m[31
m[1m^[22m[39m[31m[
1m^[22m[39m[31m[1m^
[22m[39m[31m[1m^[2
2m[39m[31m[1m^[22m
[39m[31m[1m^[22m[39
m[31m[1m^[22m[39m[
31m[1m^[22m[39m[31m
[1m^[22m[39m[31m[1
m^[22m[39m[31m[1m^
[22m[39m[31m[1m^[22
m[39m[31m[1m^[22m[
39m[31m[1m^[22m[39m
[31m[1m^[22m[39m[3
1m[1m^[22m[39m[31m
[1m^[22m[39m[31m[1m
^[22m[39m[31m[1m^[
22m[39m[31m[1m^[22m
[39m[31m[1m^[22m[3
9m[31m[1m^[22m[39m
 [90m 2 |[39m 
[36mimport[39m { [33
mSERVICE_PAGES[39m } 
[36mfrom[39m [32m'@/
lib/data'[39m[33m;[3
9m
 [90m 3 |[39m
 [90m 4 |[39m 
[36mconst[39m data 
[33m=[39m [33mSERVIC
E_PAGES[39m[[32m'priv
ate-shared-workspaces'
[39m][33m;[39m[0m



https://nextjs.org/docs
/messages/module-not-fo
und


./PrimeDesk/src/app/zer
o-brokerage/page.js:1:1
Module not found: 
Can't resolve '@/compon
ents/ServicePageTemplat
e'
[0m[31m[1m>[22m[39
m[90m 1 |[39m 
[36mimport[39m [33mS
ervicePageTemplate[39m
 [36mfrom[39m [32m'@
/components/ServicePage
Template'[39m[33m;[3
9m
 [90m   |[39m [31m[
1m^[22m[39m[31m[1m^
[22m[39m[31m[1m^[2
2m[39m[31m[1m^[22m
[39m[31m[1m^[22m[39
m[31m[1m^[22m[39m[
31m[1m^[22m[39m[31m
[1m^[22m[39m[31m[1
m^[22m[39m[31m[1m^
[22m[39m[31m[1m^[22
m[39m[31m[1m^[22m[
39m[31m[1m^[22m[39m
[31m[1m^[22m[39m[3
1m[1m^[22m[39m[31m
[1m^[22m[39m[31m[1m
^[22m[39m[31m[1m^[
22m[39m[31m[1m^[22m
[39m[31m[1m^[22m[3
9m[31m[1m^[22m[39m
[31m[1m^[22m[39m[31
m[1m^[22m[39m[31m[
1m^[22m[39m[31m[1m^
[22m[39m[31m[1m^[2
2m[39m[31m[1m^[22m
[39m[31m[1m^[22m[39
m[31m[1m^[22m[39m[
31m[1m^[22m[39m[31m
[1m^[22m[39m[31m[1
m^[22m[39m[31m[1m^
[22m[39m[31m[1m^[22
m[39m[31m[1m^[22m[
39m[31m[1m^[22m[39m
[31m[1m^[22m[39m[3
1m[1m^[22m[39m[31m
[1m^[22m[39m[31m[1m
^[22m[39m[31m[1m^[
22m[39m[31m[1m^[22m
[39m[31m[1m^[22m[3
9m[31m[1m^[22m[39m
[31m[1m^[22m[39m[31
m[1m^[22m[39m[31m[
1m^[22m[39m[31m[1m^
[22m[39m[31m[1m^[2
2m[39m[31m[1m^[22m
[39m[31m[1m^[22m[39
m[31m[1m^[22m[39m[
31m[1m^[22m[39m[31m
[1m^[22m[39m[31m[1
m^[22m[39m[31m[1m^
[22m[39m[31m[1m^[22
m[39m[31m[1m^[22m[
39m[31m[1m^[22m[39m
[31m[1m^[22m[39m[3
1m[1m^[22m[39m[31m
[1m^[22m[39m[31m[1m
^[22m[39m[31m[1m^[
22m[39m[31m[1m^[22m
[39m[31m[1m^[22m[3
9m[31m[1m^[22m[39m
 [90m 2 |[39m 
[36mimport[39m { [33
mSERVICE_PAGES[39m } 
[36mfrom[39m [32m'@/
lib/data'[39m[33m;[3
9m
 [90m 3 |[39m
 [90m 4 |[39m 
[36mconst[39m data 
[33m=[39m [33mSERVIC
E_PAGES[39m[[32m'zero
-brokerage'[39m][33m;
[39m[0m



https://nextjs.org/docs
/messages/module-not-fo
und


./PrimeDesk/src/app/abo
ut-us/page.js:2:1
Module not found: 
Can't resolve '@/compon
ents/StatsCounter'
[0m [90m 1 |[39m 
[36mimport[39m 
[33mHeroSection[39m 
[36mfrom[39m [32m'@/
components/HeroSection'
[39m[33m;[39m
[31m[1m>[22m[39m[9
0m 2 |[39m 
[36mimport[39m 
[33mStatsCounter[39m 
[36mfrom[39m [32m'@/
components/StatsCounter
'[39m[33m;[39m
 [90m   |[39m [31m[
1m^[22m[39m[31m[1m^
[22m[39m[31m[1m^[2
2m[39m[31m[1m^[22m
[39m[31m[1m^[22m[39
m[31m[1m^[22m[39m[
31m[1m^[22m[39m[31m
[1m^[22m[39m[31m[1
m^[22m[39m[31m[1m^
[22m[39m[31m[1m^[22
m[39m[31m[1m^[22m[
39m[31m[1m^[22m[39m
[31m[1m^[22m[39m[3
1m[1m^[22m[39m[31m
[1m^[22m[39m[31m[1m
^[22m[39m[31m[1m^[
22m[39m[31m[1m^[22m
[39m[31m[1m^[22m[3
9m[31m[1m^[22m[39m
[31m[1m^[22m[39m[31
m[1m^[22m[39m[31m[
1m^[22m[39m[31m[1m^
[22m[39m[31m[1m^[2
2m[39m[31m[1m^[22m
[39m[31m[1m^[22m[39
m[31m[1m^[22m[39m[
31m[1m^[22m[39m[31m
[1m^[22m[39m[31m[1
m^[22m[39m[31m[1m^
[22m[39m[31m[1m^[22
m[39m[31m[1m^[22m[
39m[31m[1m^[22m[39m
[31m[1m^[22m[39m[3
1m[1m^[22m[39m[31m
[1m^[22m[39m[31m[1m
^[22m[39m[31m[1m^[
22m[39m[31m[1m^[22m
[39m[31m[1m^[22m[3
9m[31m[1m^[22m[39m
[31m[1m^[22m[39m[31
m[1m^[22m[39m[31m[
1m^[22m[39m[31m[1m^
[22m[39m[31m[1m^[2
2m[39m[31m[1m^[22m
[39m[31m[1m^[22m[39
m[31m[1m^[22m[39m[
31m[1m^[22m[39m
 [90m 3 |[39m 
[36mimport[39m 
[33mCTABanner[39m 
[36mfrom[39m [32m'@/
components/CTABanner'[
39m[33m;[39m
 [90m 4 |[39m 
[36mimport[39m { [33
mCOMPANY[39m[33m,[39
m [33mTEAM[39m[33m,
[39m 
[33mFEATURES[39m } 
[36mfrom[39m [32m'@/
lib/data'[39m[33m;[3
9m
 [90m 5 |[39m 
[36mimport[39m { 
getIcon } 
[36mfrom[39m [32m'@/
lib/icons'[39m[33m;[
39m[0m



https://nextjs.org/docs
/messages/module-not-fo
und


./PrimeDesk/src/app/pag
e.js:10:33
Module not found: 
Can't resolve '@/compon
ents/StatsCounter'
[0m [90m  8 |[39m 
[36mimport[39m 
styles [36mfrom[39m 
[32m'./page.module.css'
[39m[33m;[39m
 [90m  9 |[39m
[31m[1m>[22m[39m[9
0m 10 |[39m 
[36mconst[39m 
[33mStatsCounter[39m 
[33m=[39m lazy(() 
[33m=>[39m [36mimpor
t[39m([32m'@/componen
ts/StatsCounter'[39m))
[33m;[39m
 [90m    |[39m       
                       
   [31m[1m^[22m[39m
[31m[1m^[22m[39m[3
1m[1m^[22m[39m[31m
[1m^[22m[39m[31m[1m
^[22m[39m[31m[1m^[
22m[39m[31m[1m^[22m
[39m[31m[1m^[22m[3
9m[31m[1m^[22m[39m
[31m[1m^[22m[39m[31
m[1m^[22m[39m[31m[
1m^[22m[39m[31m[1m^
[22m[39m[31m[1m^[2
2m[39m[31m[1m^[22m
[39m[31m[1m^[22m[39
m[31m[1m^[22m[39m[
31m[1m^[22m[39m[31m
[1m^[22m[39m[31m[1
m^[22m[39m[31m[1m^
[22m[39m[31m[1m^[22
m[39m[31m[1m^[22m[
39m[31m[1m^[22m[39m
[31m[1m^[22m[39m[3
1m[1m^[22m[39m[31m
[1m^[22m[39m[31m[1m
^[22m[39m[31m[1m^[
22m[39m[31m[1m^[22m
[39m[31m[1m^[22m[3
9m[31m[1m^[22m[39m
[31m[1m^[22m[39m[31
m[1m^[22m[39m[31m[
1m^[22m[39m
 [90m 11 |[39m 
[36mconst[39m [33mTe
stimonialSlider[39m 
[33m=[39m lazy(() 
[33m=>[39m [36mimpor
t[39m([32m'@/componen
ts/TestimonialSlider'[
39m))[33m;[39m
 [90m 12 |[39m 
[36mconst[39m 
[33mCTABanner[39m 
[33m=[39m lazy(() 
[33m=>[39m [36mimpor
t[39m([32m'@/componen
ts/CTABanner'[39m))[3
3m;[39m
 [90m 13 |[39m 
[36mconst[39m [33mEx
itIntentPopup[39m 
[33m=[39m lazy(() 
[33m=>[39m [36mimpor
t[39m([32m'@/componen
ts/ExitIntentPopup'[39
m))[33m;[39m[0m



https://nextjs.org/docs
/messages/module-not-fo
und


./PrimeDesk/src/app/pag
e.js:11:38
Module not found: 
Can't resolve '@/compon
ents/TestimonialSlider'
[0m [90m  9 |[39m
 [90m 10 |[39m 
[36mconst[39m 
[33mStatsCounter[39m 
[33m=[39m lazy(() 
[33m=>[39m [36mimpor
t[39m([32m'@/componen
ts/StatsCounter'[39m))
[33m;[39m
[31m[1m>[22m[39m[9
0m 11 |[39m 
[36mconst[39m [33mTe
stimonialSlider[39m 
[33m=[39m lazy(() 
[33m=>[39m [36mimpor
t[39m([32m'@/componen
ts/TestimonialSlider'[
39m))[33m;[39m
 [90m    |[39m       
                       
        [31m[1m^[22m
[39m[31m[1m^[22m[3
9m[31m[1m^[22m[39m
[31m[1m^[22m[39m[31
m[1m^[22m[39m[31m[
1m^[22m[39m[31m[1m^
[22m[39m[31m[1m^[2
2m[39m[31m[1m^[22m
[39m[31m[1m^[22m[39
m[31m[1m^[22m[39m[
31m[1m^[22m[39m[31m
[1m^[22m[39m[31m[1
m^[22m[39m[31m[1m^
[22m[39m[31m[1m^[22
m[39m[31m[1m^[22m[
39m[31m[1m^[22m[39m
[31m[1m^[22m[39m[3
1m[1m^[22m[39m[31m
[1m^[22m[39m[31m[1m
^[22m[39m[31m[1m^[
22m[39m[31m[1m^[22m
[39m[31m[1m^[22m[3
9m[31m[1m^[22m[39m
[31m[1m^[22m[39m[31
m[1m^[22m[39m[31m[
1m^[22m[39m[31m[1m^
[22m[39m[31m[1m^[2
2m[39m[31m[1m^[22m
[39m[31m[1m^[22m[39
m[31m[1m^[22m[39m[
31m[1m^[22m[39m[31m
[1m^[22m[39m[31m[1
m^[22m[39m[31m[1m^
[22m[39m[31m[1m^[22
m[39m[31m[1m^[22m[
39m
 [90m 12 |[39m 
[36mconst[39m 
[33mCTABanner[39m 
[33m=[39m lazy(() 
[33m=>[39m [36mimpor
t[39m([32m'@/componen
ts/CTABanner'[39m))[3
3m;[39m
 [90m 13 |[39m 
[36mconst[39m [33mEx
itIntentPopup[39m 
[33m=[39m lazy(() 
[33m=>[39m [36mimpor
t[39m([32m'@/componen
ts/ExitIntentPopup'[39
m))[33m;[39m
 [90m 14 |[39m[0m



https://nextjs.org/docs
/messages/module-not-fo
und


./PrimeDesk/src/app/abo
ut-us/page.js:4:1
Module not found: 
Can't resolve 
'@/lib/data'
[0m [90m 2 |[39m 
[36mimport[39m 
[33mStatsCounter[39m 
[36mfrom[39m [32m'@/
components/StatsCounter
'[39m[33m;[39m
 [90m 3 |[39m 
[36mimport[39m 
[33mCTABanner[39m 
[36mfrom[39m [32m'@/
components/CTABanner'[
39m[33m;[39m
[31m[1m>[22m[39m[9
0m 4 |[39m 
[36mimport[39m { [33
mCOMPANY[39m[33m,[39
m [33mTEAM[39m[33m,
[39m 
[33mFEATURES[39m } 
[36mfrom[39m [32m'@/
lib/data'[39m[33m;[3
9m
 [90m   |[39m [31m[
1m^[22m[39m[31m[1m^
[22m[39m[31m[1m^[2
2m[39m[31m[1m^[22m
[39m[31m[1m^[22m[39
m[31m[1m^[22m[39m[
31m[1m^[22m[39m[31m
[1m^[22m[39m[31m[1
m^[22m[39m[31m[1m^
[22m[39m[31m[1m^[22
m[39m[31m[1m^[22m[
39m[31m[1m^[22m[39m
[31m[1m^[22m[39m[3
1m[1m^[22m[39m[31m
[1m^[22m[39m[31m[1m
^[22m[39m[31m[1m^[
22m[39m[31m[1m^[22m
[39m[31m[1m^[22m[3
9m[31m[1m^[22m[39m
[31m[1m^[22m[39m[31
m[1m^[22m[39m[31m[
1m^[22m[39m[31m[1m^
[22m[39m[31m[1m^[2
2m[39m[31m[1m^[22m
[39m[31m[1m^[22m[39
m[31m[1m^[22m[39m[
31m[1m^[22m[39m[31m
[1m^[22m[39m[31m[1
m^[22m[39m[31m[1m^
[22m[39m[31m[1m^[22
m[39m[31m[1m^[22m[
39m[31m[1m^[22m[39m
[31m[1m^[22m[39m[3
1m[1m^[22m[39m[31m
[1m^[22m[39m[31m[1m
^[22m[39m[31m[1m^[
22m[39m[31m[1m^[22m
[39m[31m[1m^[22m[3
9m[31m[1m^[22m[39m
[31m[1m^[22m[39m[31
m[1m^[22m[39m[31m[
1m^[22m[39m[31m[1m^
[22m[39m[31m[1m^[2
2m[39m[31m[1m^[22m
[39m[31m[1m^[22m[39
m[31m[1m^[22m[39m[
31m[1m^[22m[39m
 [90m 5 |[39m 
[36mimport[39m { 
getIcon } 
[36mfrom[39m [32m'@/
lib/icons'[39m[33m;[
39m
 [90m 6 |[39m 
[36mimport[39m 
styles [36mfrom[39m 
[32m'./page.module.css'
[39m[33m;[39m
 [90m 7 |[39m[0m



https://nextjs.org/docs
/messages/module-not-fo
und


./PrimeDesk/src/app/bes
t-customized-office-spa
ce/page.js:2:1
Module not found: 
Can't resolve 
'@/lib/data'
[0m [90m 1 |[39m 
[36mimport[39m [33mS
ervicePageTemplate[39m
 [36mfrom[39m [32m'@
/components/ServicePage
Template'[39m[33m;[3
9m
[31m[1m>[22m[39m[9
0m 2 |[39m 
[36mimport[39m { [33
mSERVICE_PAGES[39m } 
[36mfrom[39m [32m'@/
lib/data'[39m[33m;[3
9m
 [90m   |[39m [31m[
1m^[22m[39m[31m[1m^
[22m[39m[31m[1m^[2
2m[39m[31m[1m^[22m
[39m[31m[1m^[22m[39
m[31m[1m^[22m[39m[
31m[1m^[22m[39m[31m
[1m^[22m[39m[31m[1
m^[22m[39m[31m[1m^
[22m[39m[31m[1m^[22
m[39m[31m[1m^[22m[
39m[31m[1m^[22m[39m
[31m[1m^[22m[39m[3
1m[1m^[22m[39m[31m
[1m^[22m[39m[31m[1m
^[22m[39m[31m[1m^[
22m[39m[31m[1m^[22m
[39m[31m[1m^[22m[3
9m[31m[1m^[22m[39m
[31m[1m^[22m[39m[31
m[1m^[22m[39m[31m[
1m^[22m[39m[31m[1m^
[22m[39m[31m[1m^[2
2m[39m[31m[1m^[22m
[39m[31m[1m^[22m[39
m[31m[1m^[22m[39m[
31m[1m^[22m[39m[31m
[1m^[22m[39m[31m[1
m^[22m[39m[31m[1m^
[22m[39m[31m[1m^[22
m[39m[31m[1m^[22m[
39m[31m[1m^[22m[39m
[31m[1m^[22m[39m[3
1m[1m^[22m[39m[31m
[1m^[22m[39m[31m[1m
^[22m[39m[31m[1m^[
22m[39m[31m[1m^[22m
[39m[31m[1m^[22m[3
9m
 [90m 3 |[39m
 [90m 4 |[39m 
[36mconst[39m data 
[33m=[39m [33mSERVIC
E_PAGES[39m[[32m'best
-customized-office-spac
e'[39m][33m;[39m
 [90m 5 |[39m[0m



https://nextjs.org/docs
/messages/module-not-fo
und


./PrimeDesk/src/app/co-
working-spaces/page.js:
2:1
Module not found: 
Can't resolve 
'@/lib/data'
[0m [90m 1 |[39m 
[36mimport[39m [33mS
ervicePageTemplate[39m
 [36mfrom[39m [32m'@
/components/ServicePage
Template'[39m[33m;[3
9m
[31m[1m>[22m[39m[9
0m 2 |[39m 
[36mimport[39m { [33
mSERVICE_PAGES[39m } 
[36mfrom[39m [32m'@/
lib/data'[39m[33m;[3
9m
 [90m   |[39m [31m[
1m^[22m[39m[31m[1m^
[22m[39m[31m[1m^[2
2m[39m[31m[1m^[22m
[39m[31m[1m^[22m[39
m[31m[1m^[22m[39m[
31m[1m^[22m[39m[31m
[1m^[22m[39m[31m[1
m^[22m[39m[31m[1m^
[22m[39m[31m[1m^[22
m[39m[31m[1m^[22m[
39m[31m[1m^[22m[39m
[31m[1m^[22m[39m[3
1m[1m^[22m[39m[31m
[1m^[22m[39m[31m[1m
^[22m[39m[31m[1m^[
22m[39m[31m[1m^[22m
[39m[31m[1m^[22m[3
9m[31m[1m^[22m[39m
[31m[1m^[22m[39m[31
m[1m^[22m[39m[31m[
1m^[22m[39m[31m[1m^
[22m[39m[31m[1m^[2
2m[39m[31m[1m^[22m
[39m[31m[1m^[22m[39
m[31m[1m^[22m[39m[
31m[1m^[22m[39m[31m
[1m^[22m[39m[31m[1
m^[22m[39m[31m[1m^
[22m[39m[31m[1m^[22
m[39m[31m[1m^[22m[
39m[31m[1m^[22m[39m
[31m[1m^[22m[39m[3
1m[1m^[22m[39m[31m
[1m^[22m[39m[31m[1m
^[22m[39m[31m[1m^[
22m[39m[31m[1m^[22m
[39m[31m[1m^[22m[3
9m
 [90m 3 |[39m
 [90m 4 |[39m 
[36mconst[39m data 
[33m=[39m [33mSERVIC
E_PAGES[39m[[32m'co-w
orking-spaces'[39m][3
3m;[39m
 [90m 5 |[39m[0m



https://nextjs.org/docs
/messages/module-not-fo
und


./PrimeDesk/src/app/con
tact-us/page.js:3:1
Module not found: 
Can't resolve 
'@/lib/data'
[0m [90m 1 |[39m 
[36mimport[39m 
[33mHeroSection[39m 
[36mfrom[39m [32m'@/
components/HeroSection'
[39m[33m;[39m
 [90m 2 |[39m 
[36mimport[39m 
[33mLeadForm[39m 
[36mfrom[39m [32m'@/
components/LeadForm'[3
9m[33m;[39m
[31m[1m>[22m[39m[9
0m 3 |[39m 
[36mimport[39m { 
[33mCOMPANY[39m } 
[36mfrom[39m [32m'@/
lib/data'[39m[33m;[3
9m
 [90m   |[39m [31m[
1m^[22m[39m[31m[1m^
[22m[39m[31m[1m^[2
2m[39m[31m[1m^[22m
[39m[31m[1m^[22m[39
m[31m[1m^[22m[39m[
31m[1m^[22m[39m[31m
[1m^[22m[39m[31m[1
m^[22m[39m[31m[1m^
[22m[39m[31m[1m^[22
m[39m[31m[1m^[22m[
39m[31m[1m^[22m[39m
[31m[1m^[22m[39m[3
1m[1m^[22m[39m[31m
[1m^[22m[39m[31m[1m
^[22m[39m[31m[1m^[
22m[39m[31m[1m^[22m
[39m[31m[1m^[22m[3
9m[31m[1m^[22m[39m
[31m[1m^[22m[39m[31
m[1m^[22m[39m[31m[
1m^[22m[39m[31m[1m^
[22m[39m[31m[1m^[2
2m[39m[31m[1m^[22m
[39m[31m[1m^[22m[39
m[31m[1m^[22m[39m[
31m[1m^[22m[39m[31m
[1m^[22m[39m[31m[1
m^[22m[39m[31m[1m^
[22m[39m[31m[1m^[22
m[39m[31m[1m^[22m[
39m[31m[1m^[22m[39m
[31m[1m^[22m[39m
 [90m 4 |[39m 
[36mimport[39m { [33
mPhone[39m[33m,[39m 
[33mMail[39m[33m,[3
9m [33mMapPin[39m[33
m,[39m 
[33mClock[39m } 
[36mfrom[39m [32m'lu
cide-react'[39m[33m;
[39m
 [90m 5 |[39m 
[36mimport[39m 
styles [36mfrom[39m 
[32m'./page.module.css'
[39m[33m;[39m
 [90m 6 |[39m[0m



https://nextjs.org/docs
/messages/module-not-fo
und


./PrimeDesk/src/app/con
ventional-office-space/
page.js:2:1
Module not found: 
Can't resolve 
'@/lib/data'
[0m [90m 1 |[39m 
[36mimport[39m [33mS
ervicePageTemplate[39m
 [36mfrom[39m [32m'@
/components/ServicePage
Template'[39m[33m;[3
9m
[31m[1m>[22m[39m[9
0m 2 |[39m 
[36mimport[39m { [33
mSERVICE_PAGES[39m } 
[36mfrom[39m [32m'@/
lib/data'[39m[33m;[3
9m
 [90m   |[39m [31m[
1m^[22m[39m[31m[1m^
[22m[39m[31m[1m^[2
2m[39m[31m[1m^[22m
[39m[31m[1m^[22m[39
m[31m[1m^[22m[39m[
31m[1m^[22m[39m[31m
[1m^[22m[39m[31m[1
m^[22m[39m[31m[1m^
[22m[39m[31m[1m^[22
m[39m[31m[1m^[22m[
39m[31m[1m^[22m[39m
[31m[1m^[22m[39m[3
1m[1m^[22m[39m[31m
[1m^[22m[39m[31m[1m
^[22m[39m[31m[1m^[
22m[39m[31m[1m^[22m
[39m[31m[1m^[22m[3
9m[31m[1m^[22m[39m
[31m[1m^[22m[39m[31
m[1m^[22m[39m[31m[
1m^[22m[39m[31m[1m^
[22m[39m[31m[1m^[2
2m[39m[31m[1m^[22m
[39m[31m[1m^[22m[39
m[31m[1m^[22m[39m[
31m[1m^[22m[39m[31m
[1m^[22m[39m[31m[1
m^[22m[39m[31m[1m^
[22m[39m[31m[1m^[22
m[39m[31m[1m^[22m[
39m[31m[1m^[22m[39m
[31m[1m^[22m[39m[3
1m[1m^[22m[39m[31m
[1m^[22m[39m[31m[1m
^[22m[39m[31m[1m^[
22m[39m[31m[1m^[22m
[39m[31m[1m^[22m[3
9m
 [90m 3 |[39m
 [90m 4 |[39m 
[36mconst[39m data 
[33m=[39m [33mSERVIC
E_PAGES[39m[[32m'conv
entional-office-space'
[39m][33m;[39m
 [90m 5 |[39m[0m



https://nextjs.org/docs
/messages/module-not-fo
und


./PrimeDesk/src/app/cos
t-effective-office/page
.js:2:1
Module not found: 
Can't resolve 
'@/lib/data'
[0m [90m 1 |[39m 
[36mimport[39m [33mS
ervicePageTemplate[39m
 [36mfrom[39m [32m'@
/components/ServicePage
Template'[39m[33m;[3
9m
[31m[1m>[22m[39m[9
0m 2 |[39m 
[36mimport[39m { [33
mSERVICE_PAGES[39m } 
[36mfrom[39m [32m'@/
lib/data'[39m[33m;[3
9m
 [90m   |[39m [31m[
1m^[22m[39m[31m[1m^
[22m[39m[31m[1m^[2
2m[39m[31m[1m^[22m
[39m[31m[1m^[22m[39
m[31m[1m^[22m[39m[
31m[1m^[22m[39m[31m
[1m^[22m[39m[31m[1
m^[22m[39m[31m[1m^
[22m[39m[31m[1m^[22
m[39m[31m[1m^[22m[
39m[31m[1m^[22m[39m
[31m[1m^[22m[39m[3
1m[1m^[22m[39m[31m
[1m^[22m[39m[31m[1m
^[22m[39m[31m[1m^[
22m[39m[31m[1m^[22m
[39m[31m[1m^[22m[3
9m[31m[1m^[22m[39m
[31m[1m^[22m[39m[31
m[1m^[22m[39m[31m[
1m^[22m[39m[31m[1m^
[22m[39m[31m[1m^[2
2m[39m[31m[1m^[22m
[39m[31m[1m^[22m[39
m[31m[1m^[22m[39m[
31m[1m^[22m[39m[31m
[1m^[22m[39m[31m[1
m^[22m[39m[31m[1m^
[22m[39m[31m[1m^[22
m[39m[31m[1m^[22m[
39m[31m[1m^[22m[39m
[31m[1m^[22m[39m[3
1m[1m^[22m[39m[31m
[1m^[22m[39m[31m[1m
^[22m[39m[31m[1m^[
22m[39m[31m[1m^[22m
[39m[31m[1m^[22m[3
9m
 [90m 3 |[39m
 [90m 4 |[39m 
[36mconst[39m data 
[33m=[39m [33mSERVIC
E_PAGES[39m[[32m'cost
-effective-office'[39m
][33m;[39m
 [90m 5 |[39m[0m



https://nextjs.org/docs
/messages/module-not-fo
und


./PrimeDesk/src/app/gui
ded-visits-one-to-one-c
onsultation/page.js:2:1
Module not found: 
Can't resolve 
'@/lib/data'
[0m [90m 1 |[39m 
[36mimport[39m [33mS
ervicePageTemplate[39m
 [36mfrom[39m [32m'@
/components/ServicePage
Template'[39m[33m;[3
9m
[31m[1m>[22m[39m[9
0m 2 |[39m 
[36mimport[39m { [33
mSERVICE_PAGES[39m } 
[36mfrom[39m [32m'@/
lib/data'[39m[33m;[3
9m
 [90m   |[39m [31m[
1m^[22m[39m[31m[1m^
[22m[39m[31m[1m^[2
2m[39m[31m[1m^[22m
[39m[31m[1m^[22m[39
m[31m[1m^[22m[39m[
31m[1m^[22m[39m[31m
[1m^[22m[39m[31m[1
m^[22m[39m[31m[1m^
[22m[39m[31m[1m^[22
m[39m[31m[1m^[22m[
39m[31m[1m^[22m[39m
[31m[1m^[22m[39m[3
1m[1m^[22m[39m[31m
[1m^[22m[39m[31m[1m
^[22m[39m[31m[1m^[
22m[39m[31m[1m^[22m
[39m[31m[1m^[22m[3
9m[31m[1m^[22m[39m
[31m[1m^[22m[39m[31
m[1m^[22m[39m[31m[
1m^[22m[39m[31m[1m^
[22m[39m[31m[1m^[2
2m[39m[31m[1m^[22m
[39m[31m[1m^[22m[39
m[31m[1m^[22m[39m[
31m[1m^[22m[39m[31m
[1m^[22m[39m[31m[1
m^[22m[39m[31m[1m^
[22m[39m[31m[1m^[22
m[39m[31m[1m^[22m[
39m[31m[1m^[22m[39m
[31m[1m^[22m[39m[3
1m[1m^[22m[39m[31m
[1m^[22m[39m[31m[1m
^[22m[39m[31m[1m^[
22m[39m[31m[1m^[22m
[39m[31m[1m^[22m[3
9m
 [90m 3 |[39m
 [90m 4 |[39m 
[36mconst[39m data 
[33m=[39m [33mSERVIC
E_PAGES[39m[[32m'guid
ed-visits-one-to-one-co
nsultation'[39m][33m;
[39m
 [90m 5 |[39m[0m



https://nextjs.org/docs
/messages/module-not-fo
und


./PrimeDesk/src/app/has
sle-free-experience/pag
e.js:2:1
Module not found: 
Can't resolve 
'@/lib/data'
[0m [90m 1 |[39m 
[36mimport[39m [33mS
ervicePageTemplate[39m
 [36mfrom[39m [32m'@
/components/ServicePage
Template'[39m[33m;[3
9m
[31m[1m>[22m[39m[9
0m 2 |[39m 
[36mimport[39m { [33
mSERVICE_PAGES[39m } 
[36mfrom[39m [32m'@/
lib/data'[39m[33m;[3
9m
 [90m   |[39m [31m[
1m^[22m[39m[31m[1m^
[22m[39m[31m[1m^[2
2m[39m[31m[1m^[22m
[39m[31m[1m^[22m[39
m[31m[1m^[22m[39m[
31m[1m^[22m[39m[31m
[1m^[22m[39m[31m[1
m^[22m[39m[31m[1m^
[22m[39m[31m[1m^[22
m[39m[31m[1m^[22m[
39m[31m[1m^[22m[39m
[31m[1m^[22m[39m[3
1m[1m^[22m[39m[31m
[1m^[22m[39m[31m[1m
^[22m[39m[31m[1m^[
22m[39m[31m[1m^[22m
[39m[31m[1m^[22m[3
9m[31m[1m^[22m[39m
[31m[1m^[22m[39m[31
m[1m^[22m[39m[31m[
1m^[22m[39m[31m[1m^
[22m[39m[31m[1m^[2
2m[39m[31m[1m^[22m
[39m[31m[1m^[22m[39
m[31m[1m^[22m[39m[
31m[1m^[22m[39m[31m
[1m^[22m[39m[31m[1
m^[22m[39m[31m[1m^
[22m[39m[31m[1m^[22
m[39m[31m[1m^[22m[
39m[31m[1m^[22m[39m
[31m[1m^[22m[39m[3
1m[1m^[22m[39m[31m
[1m^[22m[39m[31m[1m
^[22m[39m[31m[1m^[
22m[39m[31m[1m^[22m
[39m[31m[1m^[22m[3
9m
 [90m 3 |[39m
 [90m 4 |[39m 
[36mconst[39m data 
[33m=[39m [33mSERVIC
E_PAGES[39m[[32m'hass
le-free-experience'[39
m][33m;[39m
 [90m 5 |[39m[0m



https://nextjs.org/docs
/messages/module-not-fo
und


./PrimeDesk/src/app/loc
ations/page.js:3:1
Module not found: 
Can't resolve 
'@/lib/data'
[0m [90m 1 |[39m 
[36mimport[39m 
[33mHeroSection[39m 
[36mfrom[39m [32m'@/
components/HeroSection'
[39m[33m;[39m
 [90m 2 |[39m 
[36mimport[39m 
[33mCTABanner[39m 
[36mfrom[39m [32m'@/
components/CTABanner'[
39m[33m;[39m
[31m[1m>[22m[39m[9
0m 3 |[39m 
[36mimport[39m { 
[33mLOCATIONS[39m } 
[36mfrom[39m [32m'@/
lib/data'[39m[33m;[3
9m
 [90m   |[39m [31m[
1m^[22m[39m[31m[1m^
[22m[39m[31m[1m^[2
2m[39m[31m[1m^[22m
[39m[31m[1m^[22m[39
m[31m[1m^[22m[39m[
31m[1m^[22m[39m[31m
[1m^[22m[39m[31m[1
m^[22m[39m[31m[1m^
[22m[39m[31m[1m^[22
m[39m[31m[1m^[22m[
39m[31m[1m^[22m[39m
[31m[1m^[22m[39m[3
1m[1m^[22m[39m[31m
[1m^[22m[39m[31m[1m
^[22m[39m[31m[1m^[
22m[39m[31m[1m^[22m
[39m[31m[1m^[22m[3
9m[31m[1m^[22m[39m
[31m[1m^[22m[39m[31
m[1m^[22m[39m[31m[
1m^[22m[39m[31m[1m^
[22m[39m[31m[1m^[2
2m[39m[31m[1m^[22m
[39m[31m[1m^[22m[39
m[31m[1m^[22m[39m[
31m[1m^[22m[39m[31m
[1m^[22m[39m[31m[1
m^[22m[39m[31m[1m^
[22m[39m[31m[1m^[22
m[39m[31m[1m^[22m[
39m[31m[1m^[22m[39m
[31m[1m^[22m[39m[3
1m[1m^[22m[39m[31m
[1m^[22m[39m
 [90m 4 |[39m 
[36mimport[39m { 
[33mMapPin[39m } 
[36mfrom[39m [32m'lu
cide-react'[39m[33m;
[39m
 [90m 5 |[39m 
[36mimport[39m 
styles [36mfrom[39m 
[32m'./page.module.css'
[39m[33m;[39m
 [90m 6 |[39m[0m



https://nextjs.org/docs
/messages/module-not-fo
und


./PrimeDesk/src/app/man
aged-office-space/page.
js:2:1
Module not found: 
Can't resolve 
'@/lib/data'
[0m [90m 1 |[39m 
[36mimport[39m [33mS
ervicePageTemplate[39m
 [36mfrom[39m [32m'@
/components/ServicePage
Template'[39m[33m;[3
9m
[31m[1m>[22m[39m[9
0m 2 |[39m 
[36mimport[39m { [33
mSERVICE_PAGES[39m } 
[36mfrom[39m [32m'@/
lib/data'[39m[33m;[3
9m
 [90m   |[39m [31m[
1m^[22m[39m[31m[1m^
[22m[39m[31m[1m^[2
2m[39m[31m[1m^[22m
[39m[31m[1m^[22m[39
m[31m[1m^[22m[39m[
31m[1m^[22m[39m[31m
[1m^[22m[39m[31m[1
m^[22m[39m[31m[1m^
[22m[39m[31m[1m^[22
m[39m[31m[1m^[22m[
39m[31m[1m^[22m[39m
[31m[1m^[22m[39m[3
1m[1m^[22m[39m[31m
[1m^[22m[39m[31m[1m
^[22m[39m[31m[1m^[
22m[39m[31m[1m^[22m
[39m[31m[1m^[22m[3
9m[31m[1m^[22m[39m
[31m[1m^[22m[39m[31
m[1m^[22m[39m[31m[
1m^[22m[39m[31m[1m^
[22m[39m[31m[1m^[2
2m[39m[31m[1m^[22m
[39m[31m[1m^[22m[39
m[31m[1m^[22m[39m[
31m[1m^[22m[39m[31m
[1m^[22m[39m[31m[1
m^[22m[39m[31m[1m^
[22m[39m[31m[1m^[22
m[39m[31m[1m^[22m[
39m[31m[1m^[22m[39m
[31m[1m^[22m[39m[3
1m[1m^[22m[39m[31m
[1m^[22m[39m[31m[1m
^[22m[39m[31m[1m^[
22m[39m[31m[1m^[22m
[39m[31m[1m^[22m[3
9m
 [90m 3 |[39m
 [90m 4 |[39m 
[36mconst[39m data 
[33m=[39m [33mSERVIC
E_PAGES[39m[[32m'mana
ged-office-space'[39m]
[33m;[39m
 [90m 5 |[39m[0m



https://nextjs.org/docs
/messages/module-not-fo
und


./PrimeDesk/src/app/mul
ti-city-offices/page.js
:2:1
Module not found: 
Can't resolve 
'@/lib/data'
[0m [90m 1 |[39m 
[36mimport[39m [33mS
ervicePageTemplate[39m
 [36mfrom[39m [32m'@
/components/ServicePage
Template'[39m[33m;[3
9m
[31m[1m>[22m[39m[9
0m 2 |[39m 
[36mimport[39m { [33
mSERVICE_PAGES[39m } 
[36mfrom[39m [32m'@/
lib/data'[39m[33m;[3
9m
 [90m   |[39m [31m[
1m^[22m[39m[31m[1m^
[22m[39m[31m[1m^[2
2m[39m[31m[1m^[22m
[39m[31m[1m^[22m[39
m[31m[1m^[22m[39m[
31m[1m^[22m[39m[31m
[1m^[22m[39m[31m[1
m^[22m[39m[31m[1m^
[22m[39m[31m[1m^[22
m[39m[31m[1m^[22m[
39m[31m[1m^[22m[39m
[31m[1m^[22m[39m[3
1m[1m^[22m[39m[31m
[1m^[22m[39m[31m[1m
^[22m[39m[31m[1m^[
22m[39m[31m[1m^[22m
[39m[31m[1m^[22m[3
9m[31m[1m^[22m[39m
[31m[1m^[22m[39m[31
m[1m^[22m[39m[31m[
1m^[22m[39m[31m[1m^
[22m[39m[31m[1m^[2
2m[39m[31m[1m^[22m
[39m[31m[1m^[22m[39
m[31m[1m^[22m[39m[
31m[1m^[22m[39m[31m
[1m^[22m[39m[31m[1
m^[22m[39m[31m[1m^
[22m[39m[31m[1m^[22
m[39m[31m[1m^[22m[
39m[31m[1m^[22m[39m
[31m[1m^[22m[39m[3
1m[1m^[22m[39m[31m
[1m^[22m[39m[31m[1m
^[22m[39m[31m[1m^[
22m[39m[31m[1m^[22m
[39m[31m[1m^[22m[3
9m
 [90m 3 |[39m
 [90m 4 |[39m 
[36mconst[39m data 
[33m=[39m [33mSERVIC
E_PAGES[39m[[32m'mult
i-city-offices'[39m][
33m;[39m
 [90m 5 |[39m[0m



https://nextjs.org/docs
/messages/module-not-fo
und


./PrimeDesk/src/app/our
-services/page.js:4:1
Module not found: 
Can't resolve 
'@/lib/data'
[0m [90m 2 |[39m 
[36mimport[39m 
[33mServiceCard[39m 
[36mfrom[39m [32m'@/
components/ServiceCard'
[39m[33m;[39m
 [90m 3 |[39m 
[36mimport[39m 
[33mCTABanner[39m 
[36mfrom[39m [32m'@/
components/CTABanner'[
39m[33m;[39m
[31m[1m>[22m[39m[9
0m 4 |[39m 
[36mimport[39m { [33
mPRIMARY_SERVICES[39m
[33m,[39m [33mADDITIO
NAL_SERVICES[39m } 
[36mfrom[39m [32m'@/
lib/data'[39m[33m;[3
9m
 [90m   |[39m [31m[
1m^[22m[39m[31m[1m^
[22m[39m[31m[1m^[2
2m[39m[31m[1m^[22m
[39m[31m[1m^[22m[39
m[31m[1m^[22m[39m[
31m[1m^[22m[39m[31m
[1m^[22m[39m[31m[1
m^[22m[39m[31m[1m^
[22m[39m[31m[1m^[22
m[39m[31m[1m^[22m[
39m[31m[1m^[22m[39m
[31m[1m^[22m[39m[3
1m[1m^[22m[39m[31m
[1m^[22m[39m[31m[1m
^[22m[39m[31m[1m^[
22m[39m[31m[1m^[22m
[39m[31m[1m^[22m[3
9m[31m[1m^[22m[39m
[31m[1m^[22m[39m[31
m[1m^[22m[39m[31m[
1m^[22m[39m[31m[1m^
[22m[39m[31m[1m^[2
2m[39m[31m[1m^[22m
[39m[31m[1m^[22m[39
m[31m[1m^[22m[39m[
31m[1m^[22m[39m[31m
[1m^[22m[39m[31m[1
m^[22m[39m[31m[1m^
[22m[39m[31m[1m^[22
m[39m[31m[1m^[22m[
39m[31m[1m^[22m[39m
[31m[1m^[22m[39m[3
1m[1m^[22m[39m[31m
[1m^[22m[39m[31m[1m
^[22m[39m[31m[1m^[
22m[39m[31m[1m^[22m
[39m[31m[1m^[22m[3
9m[31m[1m^[22m[39m
[31m[1m^[22m[39m[31
m[1m^[22m[39m[31m[
1m^[22m[39m[31m[1m^
[22m[39m[31m[1m^[2
2m[39m[31m[1m^[22m
[39m[31m[1m^[22m[39
m[31m[1m^[22m[39m[
31m[1m^[22m[39m[31m
[1m^[22m[39m[31m[1
m^[22m[39m[31m[1m^
[22m[39m[31m[1m^[22
m[39m[31m[1m^[22m[
39m[31m[1m^[22m[39m
[31m[1m^[22m[39m[3
1m[1m^[22m[39m[31m
[1m^[22m[39m[31m[1m
^[22m[39m[31m[1m^[
22m[39m[31m[1m^[22m
[39m[31m[1m^[22m[3
9m[31m[1m^[22m[39m
 [90m 5 |[39m
 [90m 6 |[39m 
[36mexport[39m 
[36mconst[39m 
metadata [33m=[39m {
 [90m 7 |[39m   
title[33m:[39m 
[32m'Our Services - Pr
imeDesk'[39m[33m,[39
m[0m



https://nextjs.org/docs
/messages/module-not-fo
und


./PrimeDesk/src/app/pag
e.js:5:1
Module not found: 
Can't resolve 
'@/lib/data'
[0m [90m 3 |[39m 
[36mimport[39m 
[33mHeroSection[39m 
[36mfrom[39m [32m'@/
components/HeroSection'
[39m[33m;[39m
 [90m 4 |[39m 
[36mimport[39m 
[33mServiceCard[39m 
[36mfrom[39m [32m'@/
components/ServiceCard'
[39m[33m;[39m
[31m[1m>[22m[39m[9
0m 5 |[39m 
[36mimport[39m { [33
mCOMPANY[39m[33m,[39
m [33mCITIES[39m[33m
,[39m [33mPRIMARY_SER
VICES[39m[33m,[39m 
[33mFEATURES[39m[33m,
[39m 
[33mLOCATIONS[39m } 
[36mfrom[39m [32m'@/
lib/data'[39m[33m;[3
9m
 [90m   |[39m [31m[
1m^[22m[39m[31m[1m^
[22m[39m[31m[1m^[2
2m[39m[31m[1m^[22m
[39m[31m[1m^[22m[39
m[31m[1m^[22m[39m[
31m[1m^[22m[39m[31m
[1m^[22m[39m[31m[1
m^[22m[39m[31m[1m^
[22m[39m[31m[1m^[22
m[39m[31m[1m^[22m[
39m[31m[1m^[22m[39m
[31m[1m^[22m[39m[3
1m[1m^[22m[39m[31m
[1m^[22m[39m[31m[1m
^[22m[39m[31m[1m^[
22m[39m[31m[1m^[22m
[39m[31m[1m^[22m[3
9m[31m[1m^[22m[39m
[31m[1m^[22m[39m[31
m[1m^[22m[39m[31m[
1m^[22m[39m[31m[1m^
[22m[39m[31m[1m^[2
2m[39m[31m[1m^[22m
[39m[31m[1m^[22m[39
m[31m[1m^[22m[39m[
31m[1m^[22m[39m[31m
[1m^[22m[39m[31m[1
m^[22m[39m[31m[1m^
[22m[39m[31m[1m^[22
m[39m[31m[1m^[22m[
39m[31m[1m^[22m[39m
[31m[1m^[22m[39m[3
1m[1m^[22m[39m[31m
[1m^[22m[39m[31m[1m
^[22m[39m[31m[1m^[
22m[39m[31m[1m^[22m
[39m[31m[1m^[22m[3
9m[31m[1m^[22m[39m
[31m[1m^[22m[39m[31
m[1m^[22m[39m[31m[
1m^[22m[39m[31m[1m^
[22m[39m[31m[1m^[2
2m[39m[31m[1m^[22m
[39m[31m[1m^[22m[39
m[31m[1m^[22m[39m[
31m[1m^[22m[39m[31m
[1m^[22m[39m[31m[1
m^[22m[39m[31m[1m^
[22m[39m[31m[1m^[22
m[39m[31m[1m^[22m[
39m[31m[1m^[22m[39m
[31m[1m^[22m[39m[3
1m[1m^[22m[39m[31m
[1m^[22m[39m[31m[1m
^[22m[39m[31m[1m^[
22m[39m[31m[1m^[22m
[39m[31m[1m^[22m[3
9m[31m[1m^[22m[39m
[31m[1m^[22m[39m[31
m[1m^[22m[39m[31m[
1m^[22m[39m[31m[1m^
[22m[39m[31m[1m^[2
2m[39m[31m[1m^[22m
[39m[31m[1m^[22m[39
m[31m[1m^[22m[39m[
31m[1m^[22m[39m[31m
[1m^[22m[39m[31m[1
m^[22m[39m[31m[1m^
[22m[39m[31m[1m^[22
m[39m[31m[1m^[22m[
39m[31m[1m^[22m[39m
[31m[1m^[22m[39m[3
1m[1m^[22m[39m
 [90m 6 |[39m 
[36mimport[39m { 
[33mBuilding2[39m } 
[36mfrom[39m [32m'lu
cide-react'[39m[33m;
[39m
 [90m 7 |[39m 
[36mimport[39m { 
getIcon } 
[36mfrom[39m [32m'@/
lib/icons'[39m[33m;[
39m
 [90m 8 |[39m 
[36mimport[39m 
styles [36mfrom[39m 
[32m'./page.module.css'
[39m[33m;[39m[0m



https://nextjs.org/docs
/messages/module-not-fo
und


./PrimeDesk/src/app/plu
g-play-offices/page.js:
2:1
Module not found: 
Can't resolve 
'@/lib/data'
[0m [90m 1 |[39m 
[36mimport[39m [33mS
ervicePageTemplate[39m
 [36mfrom[39m [32m'@
/components/ServicePage
Template'[39m[33m;[3
9m
[31m[1m>[22m[39m[9
0m 2 |[39m 
[36mimport[39m { [33
mSERVICE_PAGES[39m } 
[36mfrom[39m [32m'@/
lib/data'[39m[33m;[3
9m
 [90m   |[39m [31m[
1m^[22m[39m[31m[1m^
[22m[39m[31m[1m^[2
2m[39m[31m[1m^[22m
[39m[31m[1m^[22m[39
m[31m[1m^[22m[39m[
31m[1m^[22m[39m[31m
[1m^[22m[39m[31m[1
m^[22m[39m[31m[1m^
[22m[39m[31m[1m^[22
m[39m[31m[1m^[22m[
39m[31m[1m^[22m[39m
[31m[1m^[22m[39m[3
1m[1m^[22m[39m[31m
[1m^[22m[39m[31m[1m
^[22m[39m[31m[1m^[
22m[39m[31m[1m^[22m
[39m[31m[1m^[22m[3
9m[31m[1m^[22m[39m
[31m[1m^[22m[39m[31
m[1m^[22m[39m[31m[
1m^[22m[39m[31m[1m^
[22m[39m[31m[1m^[2
2m[39m[31m[1m^[22m
[39m[31m[1m^[22m[39
m[31m[1m^[22m[39m[
31m[1m^[22m[39m[31m
[1m^[22m[39m[31m[1
m^[22m[39m[31m[1m^
[22m[39m[31m[1m^[22
m[39m[31m[1m^[22m[
39m[31m[1m^[22m[39m
[31m[1m^[22m[39m[3
1m[1m^[22m[39m[31m
[1m^[22m[39m[31m[1m
^[22m[39m[31m[1m^[
22m[39m[31m[1m^[22m
[39m[31m[1m^[22m[3
9m
 [90m 3 |[39m
 [90m 4 |[39m 
[36mconst[39m data 
[33m=[39m [33mSERVIC
E_PAGES[39m[[32m'plug
-play-offices'[39m][3
3m;[39m
 [90m 5 |[39m[0m



https://nextjs.org/docs
/messages/module-not-fo
und


./PrimeDesk/src/app/pri
vate-shared-workspaces/
page.js:2:1
Module not found: 
Can't resolve 
'@/lib/data'
[0m [90m 1 |[39m 
[36mimport[39m [33mS
ervicePageTemplate[39m
 [36mfrom[39m [32m'@
/components/ServicePage
Template'[39m[33m;[3
9m
[31m[1m>[22m[39m[9
0m 2 |[39m 
[36mimport[39m { [33
mSERVICE_PAGES[39m } 
[36mfrom[39m [32m'@/
lib/data'[39m[33m;[3
9m
 [90m   |[39m [31m[
1m^[22m[39m[31m[1m^
[22m[39m[31m[1m^[2
2m[39m[31m[1m^[22m
[39m[31m[1m^[22m[39
m[31m[1m^[22m[39m[
31m[1m^[22m[39m[31m
[1m^[22m[39m[31m[1
m^[22m[39m[31m[1m^
[22m[39m[31m[1m^[22
m[39m[31m[1m^[22m[
39m[31m[1m^[22m[39m
[31m[1m^[22m[39m[3
1m[1m^[22m[39m[31m
[1m^[22m[39m[31m[1m
^[22m[39m[31m[1m^[
22m[39m[31m[1m^[22m
[39m[31m[1m^[22m[3
9m[31m[1m^[22m[39m
[31m[1m^[22m[39m[31
m[1m^[22m[39m[31m[
1m^[22m[39m[31m[1m^
[22m[39m[31m[1m^[2
2m[39m[31m[1m^[22m
[39m[31m[1m^[22m[39
m[31m[1m^[22m[39m[
31m[1m^[22m[39m[31m
[1m^[22m[39m[31m[1
m^[22m[39m[31m[1m^
[22m[39m[31m[1m^[22
m[39m[31m[1m^[22m[
39m[31m[1m^[22m[39m
[31m[1m^[22m[39m[3
1m[1m^[22m[39m[31m
[1m^[22m[39m[31m[1m
^[22m[39m[31m[1m^[
22m[39m[31m[1m^[22m
[39m[31m[1m^[22m[3
9m
 [90m 3 |[39m
 [90m 4 |[39m 
[36mconst[39m data 
[33m=[39m [33mSERVIC
E_PAGES[39m[[32m'priv
ate-shared-workspaces'
[39m][33m;[39m
 [90m 5 |[39m[0m



https://nextjs.org/docs
/messages/module-not-fo
und


./PrimeDesk/src/app/rob
ots.js:1:1
Module not found: 
Can't resolve 
'@/lib/data'
[0m[31m[1m>[22m[39
m[90m 1 |[39m 
[36mimport[39m { 
[33mCOMPANY[39m } 
[36mfrom[39m [32m'@/
lib/data'[39m[33m;[3
9m
 [90m   |[39m [31m[
1m^[22m[39m[31m[1m^
[22m[39m[31m[1m^[2
2m[39m[31m[1m^[22m
[39m[31m[1m^[22m[39
m[31m[1m^[22m[39m[
31m[1m^[22m[39m[31m
[1m^[22m[39m[31m[1
m^[22m[39m[31m[1m^
[22m[39m[31m[1m^[22
m[39m[31m[1m^[22m[
39m[31m[1m^[22m[39m
[31m[1m^[22m[39m[3
1m[1m^[22m[39m[31m
[1m^[22m[39m[31m[1m
^[22m[39m[31m[1m^[
22m[39m[31m[1m^[22m
[39m[31m[1m^[22m[3
9m[31m[1m^[22m[39m
[31m[1m^[22m[39m[31
m[1m^[22m[39m[31m[
1m^[22m[39m[31m[1m^
[22m[39m[31m[1m^[2
2m[39m[31m[1m^[22m
[39m[31m[1m^[22m[39
m[31m[1m^[22m[39m[
31m[1m^[22m[39m[31m
[1m^[22m[39m[31m[1
m^[22m[39m[31m[1m^
[22m[39m[31m[1m^[22
m[39m[31m[1m^[22m[
39m[31m[1m^[22m[39m
[31m[1m^[22m[39m
 [90m 2 |[39m
 [90m 3 |[39m 
[36mexport[39m 
[36mdefault[39m 
[36mfunction[39m 
robots() {
 [90m 4 |[39m   
[36mreturn[39m {[0m



Import trace:
  App Route:
    ./PrimeDesk/src/app
/robots.js
    ./PrimeDesk/src/app
/robots--route-entry.js

https://nextjs.org/docs
/messages/module-not-fo
und


./PrimeDesk/src/app/sit
emap.js:1:1
Module not found: 
Can't resolve 
'@/lib/data'
[0m[31m[1m>[22m[39
m[90m 1 |[39m 
[36mimport[39m { 
[33mCOMPANY[39m } 
[36mfrom[39m [32m'@/
lib/data'[39m[33m;[3
9m
 [90m   |[39m [31m[
1m^[22m[39m[31m[1m^
[22m[39m[31m[1m^[2
2m[39m[31m[1m^[22m
[39m[31m[1m^[22m[39
m[31m[1m^[22m[39m[
31m[1m^[22m[39m[31m
[1m^[22m[39m[31m[1
m^[22m[39m[31m[1m^
[22m[39m[31m[1m^[22
m[39m[31m[1m^[22m[
39m[31m[1m^[22m[39m
[31m[1m^[22m[39m[3
1m[1m^[22m[39m[31m
[1m^[22m[39m[31m[1m
^[22m[39m[31m[1m^[
22m[39m[31m[1m^[22m
[39m[31m[1m^[22m[3
9m[31m[1m^[22m[39m
[31m[1m^[22m[39m[31
m[1m^[22m[39m[31m[
1m^[22m[39m[31m[1m^
[22m[39m[31m[1m^[2
2m[39m[31m[1m^[22m
[39m[31m[1m^[22m[39
m[31m[1m^[22m[39m[
31m[1m^[22m[39m[31m
[1m^[22m[39m[31m[1
m^[22m[39m[31m[1m^
[22m[39m[31m[1m^[22
m[39m[31m[1m^[22m[
39m[31m[1m^[22m[39m
[31m[1m^[22m[39m
 [90m 2 |[39m
 [90m 3 |[39m 
[36mexport[39m 
[36mdefault[39m 
[36mfunction[39m 
sitemap() {
 [90m 4 |[39m   
[36mconst[39m 
baseUrl [33m=[39m [3
3mCOMPANY[39m[33m.[3
9murl[33m;[39m[0m



Import trace:
  App Route:
    ./PrimeDesk/src/app
/sitemap.js
    ./PrimeDesk/src/app
/sitemap--route-entry.j
s

https://nextjs.org/docs
/messages/module-not-fo
und


./PrimeDesk/src/app/zer
o-brokerage/page.js:2:1
Module not found: 
Can't resolve 
'@/lib/data'
[0m [90m 1 |[39m 
[36mimport[39m [33mS
ervicePageTemplate[39m
 [36mfrom[39m [32m'@
/components/ServicePage
Template'[39m[33m;[3
9m
[31m[1m>[22m[39m[9
0m 2 |[39m 
[36mimport[39m { [33
mSERVICE_PAGES[39m } 
[36mfrom[39m [32m'@/
lib/data'[39m[33m;[3
9m
 [90m   |[39m [31m[
1m^[22m[39m[31m[1m^
[22m[39m[31m[1m^[2
2m[39m[31m[1m^[22m
[39m[31m[1m^[22m[39
m[31m[1m^[22m[39m[
31m[1m^[22m[39m[31m
[1m^[22m[39m[31m[1
m^[22m[39m[31m[1m^
[22m[39m[31m[1m^[22
m[39m[31m[1m^[22m[
39m[31m[1m^[22m[39m
[31m[1m^[22m[39m[3
1m[1m^[22m[39m[31m
[1m^[22m[39m[31m[1m
^[22m[39m[31m[1m^[
22m[39m[31m[1m^[22m
[39m[31m[1m^[22m[3
9m[31m[1m^[22m[39m
[31m[1m^[22m[39m[31
m[1m^[22m[39m[31m[
1m^[22m[39m[31m[1m^
[22m[39m[31m[1m^[2
2m[39m[31m[1m^[22m
[39m[31m[1m^[22m[39
m[31m[1m^[22m[39m[
31m[1m^[22m[39m[31m
[1m^[22m[39m[31m[1
m^[22m[39m[31m[1m^
[22m[39m[31m[1m^[22
m[39m[31m[1m^[22m[
39m[31m[1m^[22m[39m
[31m[1m^[22m[39m[3
1m[1m^[22m[39m[31m
[1m^[22m[39m[31m[1m
^[22m[39m[31m[1m^[
22m[39m[31m[1m^[22m
[39m[31m[1m^[22m[3
9m
 [90m 3 |[39m
 [90m 4 |[39m 
[36mconst[39m data 
[33m=[39m [33mSERVIC
E_PAGES[39m[[32m'zero
-brokerage'[39m][33m;
[39m
 [90m 5 |[39m[0m



https://nextjs.org/docs
/messages/module-not-fo
und


./PrimeDesk/src/app/abo
ut-us/page.js:5:1
Module not found: 
Can't resolve 
'@/lib/icons'
[0m [90m 3 |[39m 
[36mimport[39m 
[33mCTABanner[39m 
[36mfrom[39m [32m'@/
components/CTABanner'[
39m[33m;[39m
 [90m 4 |[39m 
[36mimport[39m { [33
mCOMPANY[39m[33m,[39
m [33mTEAM[39m[33m,
[39m 
[33mFEATURES[39m } 
[36mfrom[39m [32m'@/
lib/data'[39m[33m;[3
9m
[31m[1m>[22m[39m[9
0m 5 |[39m 
[36mimport[39m { 
getIcon } 
[36mfrom[39m [32m'@/
lib/icons'[39m[33m;[
39m
 [90m   |[39m [31m[
1m^[22m[39m[31m[1m^
[22m[39m[31m[1m^[2
2m[39m[31m[1m^[22m
[39m[31m[1m^[22m[39
m[31m[1m^[22m[39m[
31m[1m^[22m[39m[31m
[1m^[22m[39m[31m[1
m^[22m[39m[31m[1m^
[22m[39m[31m[1m^[22
m[39m[31m[1m^[22m[
39m[31m[1m^[22m[39m
[31m[1m^[22m[39m[3
1m[1m^[22m[39m[31m
[1m^[22m[39m[31m[1m
^[22m[39m[31m[1m^[
22m[39m[31m[1m^[22m
[39m[31m[1m^[22m[3
9m[31m[1m^[22m[39m
[31m[1m^[22m[39m[31
m[1m^[22m[39m[31m[
1m^[22m[39m[31m[1m^
[22m[39m[31m[1m^[2
2m[39m[31m[1m^[22m
[39m[31m[1m^[22m[39
m[31m[1m^[22m[39m[
31m[1m^[22m[39m[31m
[1m^[22m[39m[31m[1
m^[22m[39m[31m[1m^
[22m[39m[31m[1m^[22
m[39m[31m[1m^[22m[
39m[31m[1m^[22m[39m
[31m[1m^[22m[39m[3
1m[1m^[22m[39m
 [90m 6 |[39m 
[36mimport[39m 
styles [36mfrom[39m 
[32m'./page.module.css'
[39m[33m;[39m
 [90m 7 |[39m
 [90m 8 |[39m 
[36mexport[39m 
[36mconst[39m 
metadata [33m=[39m 
{[0m



https://nextjs.org/docs
/messages/module-not-fo
und


./PrimeDesk/src/app/pag
e.js:7:1
Module not found: 
Can't resolve 
'@/lib/icons'
[0m [90m  5 |[39m 
[36mimport[39m { [33
mCOMPANY[39m[33m,[39
m [33mCITIES[39m[33m
,[39m [33mPRIMARY_SER
VICES[39m[33m,[39m 
[33mFEATURES[39m[33m,
[39m 
[33mLOCATIONS[39m } 
[36mfrom[39m [32m'@/
lib/data'[39m[33m;[3
9m
 [90m  6 |[39m 
[36mimport[39m { 
[33mBuilding2[39m } 
[36mfrom[39m [32m'lu
cide-react'[39m[33m;
[39m
[31m[1m>[22m[39m[9
0m  7 |[39m 
[36mimport[39m { 
getIcon } 
[36mfrom[39m [32m'@/
lib/icons'[39m[33m;[
39m
 [90m    |[39m [31m
[1m^[22m[39m[31m[1m
^[22m[39m[31m[1m^[
22m[39m[31m[1m^[22m
[39m[31m[1m^[22m[3
9m[31m[1m^[22m[39m
[31m[1m^[22m[39m[31
m[1m^[22m[39m[31m[
1m^[22m[39m[31m[1m^
[22m[39m[31m[1m^[2
2m[39m[31m[1m^[22m
[39m[31m[1m^[22m[39
m[31m[1m^[22m[39m[
31m[1m^[22m[39m[31m
[1m^[22m[39m[31m[1
m^[22m[39m[31m[1m^
[22m[39m[31m[1m^[22
m[39m[31m[1m^[22m[
39m[31m[1m^[22m[39m
[31m[1m^[22m[39m[3
1m[1m^[22m[39m[31m
[1m^[22m[39m[31m[1m
^[22m[39m[31m[1m^[
22m[39m[31m[1m^[22m
[39m[31m[1m^[22m[3
9m[31m[1m^[22m[39m
[31m[1m^[22m[39m[31
m[1m^[22m[39m[31m[
1m^[22m[39m[31m[1m^
[22m[39m[31m[1m^[2
2m[39m[31m[1m^[22m
[39m[31m[1m^[22m[39
m[31m[1m^[22m[39m[
31m[1m^[22m[39m
 [90m  8 |[39m 
[36mimport[39m 
styles [36mfrom[39m 
[32m'./page.module.css'
[39m[33m;[39m
 [90m  9 |[39m
 [90m 10 |[39m 
[36mconst[39m 
[33mStatsCounter[39m 
[33m=[39m lazy(() 
[33m=>[39m [36mimpor
t[39m([32m'@/componen
ts/StatsCounter'[39m))
[33m;[39m[0m



https://nextjs.org/docs
/messages/module-not-fo
und


    at <unknown> (./Pri
meDesk/src/app/about-us
/page.js:3:1)
    at <unknown> (https
://nextjs.org/docs/mess
ages/module-not-found)
    at <unknown> (./Pri
meDesk/src/app/gallery/
page.js:5:1)
    at <unknown> (https
://nextjs.org/docs/mess
ages/module-not-found)
    at <unknown> (./Pri
meDesk/src/app/location
s/page.js:2:1)
    at <unknown> (https
://nextjs.org/docs/mess
ages/module-not-found)
    at <unknown> (./Pri
meDesk/src/app/our-serv
ices/page.js:3:1)
    at <unknown> (https
://nextjs.org/docs/mess
ages/module-not-found)
    at <unknown> (./Pri
meDesk/src/app/page.js:
12:30)
    at <unknown> (https
://nextjs.org/docs/mess
ages/module-not-found)
    at <unknown> (./Pri
meDesk/src/app/page.js:
13:36)
    at <unknown> (https
://nextjs.org/docs/mess
ages/module-not-found)
    at <unknown> (./Pri
meDesk/src/app/about-us
/page.js:1:1)
    at <unknown> (https
://nextjs.org/docs/mess
ages/module-not-found)
    at <unknown> (./Pri
meDesk/src/app/contact-
us/page.js:1:1)
    at <unknown> (https
://nextjs.org/docs/mess
ages/module-not-found)
    at <unknown> (./Pri
meDesk/src/app/gallery/
page.js:4:1)
    at <unknown> (https
://nextjs.org/docs/mess
ages/module-not-found)
    at <unknown> (./Pri
meDesk/src/app/location
s/page.js:1:1)
    at <unknown> (https
://nextjs.org/docs/mess
ages/module-not-found)
    at <unknown> (./Pri
meDesk/src/app/our-serv
ices/page.js:1:1)
    at <unknown> (https
://nextjs.org/docs/mess
ages/module-not-found)
    at <unknown> (./Pri
meDesk/src/app/page.js:
3:1)
    at <unknown> (https
://nextjs.org/docs/mess
ages/module-not-found)
    at <unknown> (./Pri
meDesk/src/app/contact-
us/page.js:2:1)
    at <unknown> (https
://nextjs.org/docs/mess
ages/module-not-found)
    at <unknown> (./Pri
meDesk/src/app/our-serv
ices/page.js:2:1)
    at <unknown> (https
://nextjs.org/docs/mess
ages/module-not-found)
    at <unknown> (./Pri
meDesk/src/app/page.js:
4:1)
    at <unknown> (https
://nextjs.org/docs/mess
ages/module-not-found)
    at <unknown> (./Pri
meDesk/src/app/best-cus
tomized-office-space/pa
ge.js:1:1)
    at <unknown> (https
://nextjs.org/docs/mess
ages/module-not-found)
    at <unknown> (./Pri
meDesk/src/app/co-worki
ng-spaces/page.js:1:1)
    at <unknown> (https
://nextjs.org/docs/mess
ages/module-not-found)
    at <unknown> (./Pri
meDesk/src/app/conventi
onal-office-space/page.
js:1:1)
    at <unknown> (https
://nextjs.org/docs/mess
ages/module-not-found)
    at <unknown> (./Pri
meDesk/src/app/cost-eff
ective-office/page.js:1
:1)
    at <unknown> (https
://nextjs.org/docs/mess
ages/module-not-found)
    at <unknown> (./Pri
meDesk/src/app/guided-v
isits-one-to-one-consul
tation/page.js:1:1)
    at <unknown> (https
://nextjs.org/docs/mess
ages/module-not-found)
    at <unknown> (./Pri
meDesk/src/app/hassle-f
ree-experience/page.js:
1:1)
    at <unknown> (https
://nextjs.org/docs/mess
ages/module-not-found)
    at <unknown> (./Pri
meDesk/src/app/managed-
office-space/page.js:1:
1)
    at <unknown> (https
://nextjs.org/docs/mess
ages/module-not-found)
    at <unknown> (./Pri
meDesk/src/app/multi-ci
ty-offices/page.js:1:1)
    at <unknown> (https
://nextjs.org/docs/mess
ages/module-not-found)
    at <unknown> (./Pri
meDesk/src/app/plug-pla
y-offices/page.js:1:1)
    at <unknown> (https
://nextjs.org/docs/mess
ages/module-not-found)
    at <unknown> (./Pri
meDesk/src/app/private-
shared-workspaces/page.
js:1:1)
    at <unknown> (https
://nextjs.org/docs/mess
ages/module-not-found)
    at <unknown> (./Pri
meDesk/src/app/zero-bro
kerage/page.js:1:1)
    at <unknown> (https
://nextjs.org/docs/mess
ages/module-not-found)
    at <unknown> (./Pri
meDesk/src/app/about-us
/page.js:2:1)
    at <unknown> (https
://nextjs.org/docs/mess
ages/module-not-found)
    at <unknown> (./Pri
meDesk/src/app/page.js:
10:33)
    at <unknown> (https
://nextjs.org/docs/mess
ages/module-not-found)
    at <unknown> (./Pri
meDesk/src/app/page.js:
11:38)
    at <unknown> (https
://nextjs.org/docs/mess
ages/module-not-found)
    at <unknown> (./Pri
meDesk/src/app/about-us
/page.js:4:1)
    at <unknown> (https
://nextjs.org/docs/mess
ages/module-not-found)
    at <unknown> (./Pri
meDesk/src/app/best-cus
tomized-office-space/pa
ge.js:2:1)
    at <unknown> (https
://nextjs.org/docs/mess
ages/module-not-found)
    at <unknown> (./Pri
meDesk/src/app/co-worki
ng-spaces/page.js:2:1)
    at <unknown> (https
://nextjs.org/docs/mess
ages/module-not-found)
    at <unknown> (./Pri
meDesk/src/app/contact-
us/page.js:3:1)
    at <unknown> (https
://nextjs.org/docs/mess
ages/module-not-found)
    at <unknown> (./Pri
meDesk/src/app/conventi
onal-office-space/page.
js:2:1)
    at <unknown> (https
://nextjs.org/docs/mess
ages/module-not-found)
    at <unknown> (./Pri
meDesk/src/app/cost-eff
ective-office/page.js:2
:1)
    at <unknown> (https
://nextjs.org/docs/mess
ages/module-not-found)
    at <unknown> (./Pri
meDesk/src/app/guided-v
isits-one-to-one-consul
tation/page.js:2:1)
    at <unknown> (https
://nextjs.org/docs/mess
ages/module-not-found)
    at <unknown> (./Pri
meDesk/src/app/hassle-f
ree-experience/page.js:
2:1)
    at <unknown> (https
://nextjs.org/docs/mess
ages/module-not-found)
    at <unknown> (./Pri
meDesk/src/app/location
s/page.js:3:1)
    at <unknown> (https
://nextjs.org/docs/mess
ages/module-not-found)
    at <unknown> (./Pri
meDesk/src/app/managed-
office-space/page.js:2:
1)
    at <unknown> (https
://nextjs.org/docs/mess
ages/module-not-found)
    at <unknown> (./Pri
meDesk/src/app/multi-ci
ty-offices/page.js:2:1)
    at <unknown> (https
://nextjs.org/docs/mess
ages/module-not-found)
    at <unknown> (./Pri
meDesk/src/app/our-serv
ices/page.js:4:1)
    at <unknown> (https
://nextjs.org/docs/mess
ages/module-not-found)
    at <unknown> (./Pri
meDesk/src/app/page.js:
5:1)
    at <unknown> (https
://nextjs.org/docs/mess
ages/module-not-found)
    at <unknown> (./Pri
meDesk/src/app/plug-pla
y-offices/page.js:2:1)
    at <unknown> (https
://nextjs.org/docs/mess
ages/module-not-found)
    at <unknown> (./Pri
meDesk/src/app/private-
shared-workspaces/page.
js:2:1)
    at <unknown> (https
://nextjs.org/docs/mess
ages/module-not-found)
    at <unknown> (./Pri
meDesk/src/app/robots.j
s:1:1)
    at <unknown> (https
://nextjs.org/docs/mess
ages/module-not-found)
    at <unknown> (./Pri
meDesk/src/app/sitemap.
js:1:1)
    at <unknown> (https
://nextjs.org/docs/mess
ages/module-not-found)
    at <unknown> (./Pri
meDesk/src/app/zero-bro
kerage/page.js:2:1)
    at <unknown> (https
://nextjs.org/docs/mess
ages/module-not-found)
    at <unknown> (./Pri
meDesk/src/app/about-us
/page.js:5:1)
    at <unknown> (https
://nextjs.org/docs/mess
ages/module-not-found)
    at <unknown> (./Pri
meDesk/src/app/page.js:
7:1)
    at <unknown> (https
://nextjs.org/docs/mess
ages/module-not-found)
